LOG FORMAT: public; machine-local paths are replaced by symbolic locations. Diagnostic text and exit status are retained.
COMMAND: ["lake", "build", "Dyadic354.Basic", "Dyadic354.Statements", "Dyadic354.Certificate"]
UTC: 2026-09-12T15:12:13.779880+00:00
✔ [1758/1760] Built Dyadic354.Basic (7.8s)
✔ [1759/1760] Built Dyadic354.Statements (6.2s)
✖ [1760/1760] Building Dyadic354.Certificate (6.2s)
trace: .> LEAN_PATH=$DEPENDENCY_CACHE/Cli/.lake/build/lib/lean:$DEPENDENCY_CACHE/batteries/.lake/build/lib/lean:$DEPENDENCY_CACHE/Qq/.lake/build/lib/lean:$DEPENDENCY_CACHE/aesop/.lake/build/lib/lean:$DEPENDENCY_CACHE/proofwidgets/.lake/build/lib/lean:$DEPENDENCY_CACHE/importGraph/.lake/build/lib/lean:$DEPENDENCY_CACHE/LeanSearchClient/.lake/build/lib/lean:$DEPENDENCY_CACHE/plausible/.lake/build/lib/lean:$DEPENDENCY_CACHE/mathlib/.lake/build/lib/lean:$REPOSITORY/formalization/.lake/build/lib/lean $ELAN_HOME/toolchains/leanprover--lean4---v4.27.0/bin/lean $REPOSITORY/formalization/Dyadic354/Certificate.lean -o $REPOSITORY/formalization/.lake/build/lib/lean/Dyadic354/Certificate.olean -i $REPOSITORY/formalization/.lake/build/lib/lean/Dyadic354/Certificate.ilean -c $REPOSITORY/formalization/.lake/build/ir/Dyadic354/Certificate.c --setup $REPOSITORY/formalization/.lake/build/ir/Dyadic354/Certificate.setup.json --json
error: Dyadic354/Certificate.lean:11:27: Application type mismatch: The argument
  [1, 0, 2, 0, 4, 0]
has type
  List ?m.21
but is expected to have type
  Bool
in the application
  ![1, 0, 2, 0, 4, 0]
error: Dyadic354/Certificate.lean:12:27: Application type mismatch: The argument
  [0, 1, 0, 2, 0, 4]
has type
  List ?m.21
but is expected to have type
  Bool
in the application
  ![0, 1, 0, 2, 0, 4]
error: Dyadic354/Certificate.lean:15:3: Application type mismatch: The argument
  [digit first.1, digit first.2, 2 * digit first.1 + digit second.1, 2 * digit first.2 + digit second.2,
    4 * digit first.1 + 2 * digit second.1 + digit third.1, 4 * digit first.2 + 2 * digit second.2 + digit third.2]
has type
  List ℤ
but is expected to have type
  Bool
in the application
  ![digit first.1, digit first.2, 2 * digit first.1 + digit second.1, 2 * digit first.2 + digit second.2,
      4 * digit first.1 + 2 * digit second.1 + digit third.1, 4 * digit first.2 + 2 * digit second.2 + digit third.2]
error: Dyadic354/Certificate.lean:22:2: failed to synthesize instance of type class
  Fintype (Fin 6)

Hint: Type class instance resolution failures can be inspected with the `set_option trace.Meta.synthInstance true` command.
error: Dyadic354/Certificate.lean:38:48: Unknown constant `Finset.mul_sum`
error: Dyadic354/Certificate.lean:39:6: Unknown constant `Finset.sum_mul`
info: Dyadic354/Certificate.lean:40:2: Try this:
  [apply] ring_nf
  
  The `ring` tactic failed to close the goal. Use `ring_nf` to obtain a normal form.
    
  Note that `ring` works primarily in *commutative* rings. If you have a noncommutative ring, abelian group or module, consider using `noncomm_ring`, `abel` or `module` instead.
error: Dyadic354/Certificate.lean:37:69: unsolved goals
first second third : Digits
d K p q : ℤ
mask tm : ℕ
⊢ (d * K * ∑ i ∈ support mask tm, aCoeff i) * p + (d * K * ∑ i ∈ support mask tm, bCoeff i) * q +
      ∑ i ∈ support mask tm, constants first second third i =
    ∑ i ∈ support mask tm, constants first second third i +
      ∑ x ∈ support mask tm, (d * K * p * aCoeff x + d * K * q * bCoeff x)
error: Dyadic354/Certificate.lean:50:7: Application type mismatch: The argument
  [d * K * p + digit first.1, d * K * q + digit first.2, 2 * d * K * p + 2 * digit first.1 + digit second.1,
    2 * d * K * q + 2 * digit first.2 + digit second.2,
    4 * d * K * p + 4 * digit first.1 + 2 * digit second.1 + digit third.1,
    4 * d * K * q + 4 * digit first.2 + 2 * digit second.2 + digit third.2]
has type
  List ℤ
but is expected to have type
  Bool
in the application
  ![d * K * p + digit first.1, d * K * q + digit first.2, 2 * d * K * p + 2 * digit first.1 + digit second.1,
      2 * d * K * q + 2 * digit first.2 + digit second.2,
      4 * d * K * p + 4 * digit first.1 + 2 * digit second.1 + digit third.1,
      4 * d * K * q + 4 * digit first.2 + 2 * digit second.2 + digit third.2]
error: Dyadic354/Certificate.lean:87:2: failed to synthesize instance of type class
  Decidable
    (n.mask0 < 16 ∧
      n.mask1 < 16 ∧
        n.thirdMask < 4 ∧
          EndpointsCheck n ∧
            (n.hi.sub n.lo).Positive ∧
              ∀ (third : Digits),
                0 ≤ constant f s third n.mask0 n.thirdMask ∧
                  constant f s third n.mask1 n.thirdMask = constant f s third n.mask0 n.thirdMask + 1 ∧
                    constant f s third n.mask1 n.thirdMask ≤ 22)

Hint: Type class instance resolution failures can be inspected with the `set_option trace.Meta.synthInstance true` command.
error: Dyadic354/Certificate.lean:147:3: unexpected token 'at'; expected identifier
error: Dyadic354/Certificate.lean:151:58: unexpected token 'at'; expected ')', '↑', '↥', '⇑' or term
error: Dyadic354/Certificate.lean:158:0: declaration uses 'sorry'
error: Dyadic354/Certificate.lean:176:59: unexpected token 'at'; expected ')', '↑', '↥', '⇑' or term
error: Dyadic354/Certificate.lean:189:56: unexpected token 'at'; expected ')', '↑', '↥', '⇑' or term
error: Dyadic354/Certificate.lean:219:2: failed to synthesize instance of type class
  Decidable
    (∀ (first second : Digits),
      first ≠ (false, false) → ∃ t ∈ data, t.first = first ∧ t.second = second ∧ ChainChecks t)

Hint: Type class instance resolution failures can be inspected with the `set_option trace.Meta.synthInstance true` command.
error: Lean exited with code 1
Some required targets logged failures:
- Dyadic354.Certificate
error: build failed

EXIT CODE: 1
ELAPSED SECONDS: 16.807
