LOG FORMAT: public; machine-local paths are replaced by symbolic locations. Diagnostic text and exit status are retained.
COMMAND: ["lake", "build", "Dyadic354.BGBinaryRatio"]
UTC: 2026-09-12T17:44:31.678560+00:00
✖ [3067/3067] Building Dyadic354.BGBinaryRatio (17s)
trace: .> LEAN_PATH=$DEPENDENCY_CACHE/Cli/.lake/build/lib/lean:$DEPENDENCY_CACHE/batteries/.lake/build/lib/lean:$DEPENDENCY_CACHE/Qq/.lake/build/lib/lean:$DEPENDENCY_CACHE/aesop/.lake/build/lib/lean:$DEPENDENCY_CACHE/proofwidgets/.lake/build/lib/lean:$DEPENDENCY_CACHE/importGraph/.lake/build/lib/lean:$DEPENDENCY_CACHE/LeanSearchClient/.lake/build/lib/lean:$DEPENDENCY_CACHE/plausible/.lake/build/lib/lean:$DEPENDENCY_CACHE/mathlib/.lake/build/lib/lean:$REPOSITORY/formalization/.lake/build/lib/lean $ELAN_HOME/toolchains/leanprover--lean4---v4.27.0/bin/lean $REPOSITORY/formalization/Dyadic354/BGBinaryRatio.lean -o $REPOSITORY/formalization/.lake/build/lib/lean/Dyadic354/BGBinaryRatio.olean -i $REPOSITORY/formalization/.lake/build/lib/lean/Dyadic354/BGBinaryRatio.ilean -c $REPOSITORY/formalization/.lake/build/ir/Dyadic354/BGBinaryRatio.c --setup $REPOSITORY/formalization/.lake/build/ir/Dyadic354/BGBinaryRatio.setup.json --json
error: Dyadic354/BGBinaryRatio.lean:60:4: Type mismatch: After simplification, term
  h
 has type
  r * a (S.min' hS) ≤ ∑ x ∈ S, r * a x
but is expected to have type
  a (S.min' hS) ≤ ∑ x ∈ S, (2 ^ (x - S.min' hS))⁻¹ * a x
error: Dyadic354/BGBinaryRatio.lean:63:4: Type mismatch: After simplification, term
  h
 has type
  r * b (S.min' hS) ≤ ∑ x ∈ S, r * b x
but is expected to have type
  b (S.min' hS) ≤ ∑ x ∈ S, (2 ^ (x - S.min' hS))⁻¹ * b x
error: Lean exited with code 1
Some required targets logged failures:
- Dyadic354.BGBinaryRatio
error: build failed

EXIT CODE: 1
ELAPSED SECONDS: 23.151
