LOG FORMAT: public; machine-local paths are replaced by symbolic locations. Diagnostic text and exit status are retained.
COMMAND: ["lake", "build", "Dyadic354.BGExactLayers"]
UTC: 2026-09-12T17:43:36.837803+00:00
ℹ [1802/1820] Replayed Dyadic354.CyclicBoundary
info: Dyadic354/CyclicBoundary.lean:78:6: Try this:
  [apply] abel_nf
✖ [1820/1820] Building Dyadic354.BGExactLayers (10s)
trace: .> LEAN_PATH=$DEPENDENCY_CACHE/Cli/.lake/build/lib/lean:$DEPENDENCY_CACHE/batteries/.lake/build/lib/lean:$DEPENDENCY_CACHE/Qq/.lake/build/lib/lean:$DEPENDENCY_CACHE/aesop/.lake/build/lib/lean:$DEPENDENCY_CACHE/proofwidgets/.lake/build/lib/lean:$DEPENDENCY_CACHE/importGraph/.lake/build/lib/lean:$DEPENDENCY_CACHE/LeanSearchClient/.lake/build/lib/lean:$DEPENDENCY_CACHE/plausible/.lake/build/lib/lean:$DEPENDENCY_CACHE/mathlib/.lake/build/lib/lean:$REPOSITORY/formalization/.lake/build/lib/lean $ELAN_HOME/toolchains/leanprover--lean4---v4.27.0/bin/lean $REPOSITORY/formalization/Dyadic354/BGExactLayers.lean -o $REPOSITORY/formalization/.lake/build/lib/lean/Dyadic354/BGExactLayers.olean -i $REPOSITORY/formalization/.lake/build/lib/lean/Dyadic354/BGExactLayers.ilean -c $REPOSITORY/formalization/.lake/build/ir/Dyadic354/BGExactLayers.c --setup $REPOSITORY/formalization/.lake/build/ir/Dyadic354/BGExactLayers.setup.json --json
error: Dyadic354/BGExactLayers.lean:81:4: omega could not prove the goal:
a possible counterexample may satisfy the constraints
  c ≥ 0
  b ≥ 0
  b ≤ 0
  a ≥ 0
  a - c ≥ 1
  a + b - c ≥ 1
where
 a := ↑↑i
 b := ↑h
 c := ↑(j i)
error: Lean exited with code 1
Some required targets logged failures:
- Dyadic354.BGExactLayers
error: build failed

EXIT CODE: 1
ELAPSED SECONDS: 14.922
