LOG FORMAT: public; machine-local paths are replaced by symbolic locations. Diagnostic text and exit status are retained.
COMMAND: ["lake", "build", "Dyadic354.Certificate"]
UTC: 2026-09-12T15:11:59.398846+00:00
✖ [3066/3067] Building Dyadic354.Basic (27s)
trace: .> LEAN_PATH=$DEPENDENCY_CACHE/Cli/.lake/build/lib/lean:$DEPENDENCY_CACHE/batteries/.lake/build/lib/lean:$DEPENDENCY_CACHE/Qq/.lake/build/lib/lean:$DEPENDENCY_CACHE/aesop/.lake/build/lib/lean:$DEPENDENCY_CACHE/proofwidgets/.lake/build/lib/lean:$DEPENDENCY_CACHE/importGraph/.lake/build/lib/lean:$DEPENDENCY_CACHE/LeanSearchClient/.lake/build/lib/lean:$DEPENDENCY_CACHE/plausible/.lake/build/lib/lean:$DEPENDENCY_CACHE/mathlib/.lake/build/lib/lean:$REPOSITORY/formalization/.lake/build/lib/lean $ELAN_HOME/toolchains/leanprover--lean4---v4.27.0/bin/lean $REPOSITORY/formalization/Dyadic354/Basic.lean -o $REPOSITORY/formalization/.lake/build/lib/lean/Dyadic354/Basic.olean -i $REPOSITORY/formalization/.lake/build/lib/lean/Dyadic354/Basic.ilean -c $REPOSITORY/formalization/.lake/build/ir/Dyadic354/Basic.c --setup $REPOSITORY/formalization/.lake/build/ir/Dyadic354/Basic.setup.json --json
error: Dyadic354/Basic.lean:71:30: omega could not prove the goal:
a possible counterexample may satisfy the constraints
  e ≤ -1
  e + f ≤ 0
  2*e + f ≤ 0
  c - 2*d ≤ -1
  c - d ≥ 1
where
 c := p
 d := q
 e := v.a
 f := v.b
error: Dyadic354/Basic.lean:71:30: omega could not prove the goal:
a possible counterexample may satisfy the constraints
  f ≤ -1
  e + f ≤ 0
  2*e + f ≤ 0
  c - 2*d ≤ -1
  c - d ≥ 1
where
 c := p
 d := q
 e := v.a
 f := v.b
error: Lean exited with code 1
Some required targets logged failures:
- Dyadic354.Basic
error: build failed

EXIT CODE: 1
ELAPSED SECONDS: 33.257
