LOG FORMAT: public; machine-local paths are replaced by symbolic locations. Diagnostic text and exit status are retained.
COMMAND: ["lake", "build", "Dyadic354.ContiguousSeed"]
UTC: 2026-09-12T17:26:41.775732+00:00
✖ [1802/1802] Building Dyadic354.ContiguousSeed (9.9s)
trace: .> LEAN_PATH=$DEPENDENCY_CACHE/Cli/.lake/build/lib/lean:$DEPENDENCY_CACHE/batteries/.lake/build/lib/lean:$DEPENDENCY_CACHE/Qq/.lake/build/lib/lean:$DEPENDENCY_CACHE/aesop/.lake/build/lib/lean:$DEPENDENCY_CACHE/proofwidgets/.lake/build/lib/lean:$DEPENDENCY_CACHE/importGraph/.lake/build/lib/lean:$DEPENDENCY_CACHE/LeanSearchClient/.lake/build/lib/lean:$DEPENDENCY_CACHE/plausible/.lake/build/lib/lean:$DEPENDENCY_CACHE/mathlib/.lake/build/lib/lean:$REPOSITORY/formalization/.lake/build/lib/lean $ELAN_HOME/toolchains/leanprover--lean4---v4.27.0/bin/lean $REPOSITORY/formalization/Dyadic354/ContiguousSeed.lean -o $REPOSITORY/formalization/.lake/build/lib/lean/Dyadic354/ContiguousSeed.olean -i $REPOSITORY/formalization/.lake/build/lib/lean/Dyadic354/ContiguousSeed.ilean -c $REPOSITORY/formalization/.lake/build/ir/Dyadic354/ContiguousSeed.c --setup $REPOSITORY/formalization/.lake/build/ir/Dyadic354/ContiguousSeed.setup.json --json
error: Dyadic354/ContiguousSeed.lean:84:13: don't know how to synthesize implicit argument `s`
  @Finset.card_le_card_of_injOn (↥S) (ℤ × ℕ) ?m.191 (D.product (Finset.range (width S + 1))) f (fun ⦃x⦄ => ?m.197)
    fun ⦃x⦄ => ?m.201
context:
S : Finset ℤ
u : ℤ
hS : S ⊆ Finset.Icc 0 u
D : Finset ℤ := ⋯
y : ↥S → ℤ
hy : ∀ (x : ↥S), y x ∈ insert (u + 1) (Finset.Icc 0 u \ S)
hp : ∀ (x : ↥S), 0 < y x - ↑x
hw : ∀ (x : ↥S), y x - ↑x ≤ ↑(width S) + 1
f : ↥S → ℤ × ℕ := ⋯
hf : ∀ (x : ↥S), f x ∈ D.product (Finset.range (width S + 1))
hi : Function.Injective f
⊢ Finset ↥S
error: Dyadic354/ContiguousSeed.lean:84:7: failed to infer `have` declaration type
error: Dyadic354/ContiguousSeed.lean:67:64: unsolved goals
S : Finset ℤ
u : ℤ
hS : S ⊆ Finset.Icc 0 u
D : Finset ℤ := insert (u + 1) (Finset.Icc 0 u \ S)
y : ↥S → ℤ
hy : ∀ (x : ↥S), y x ∈ insert (u + 1) (Finset.Icc 0 u \ S)
hp : ∀ (x : ↥S), 0 < y x - ↑x
hw : ∀ (x : ↥S), y x - ↑x ≤ ↑(width S) + 1
f : ↥S → ℤ × ℕ := fun x => (y x, (y x - ↑x - 1).toNat)
hf : ∀ (x : ↥S), f x ∈ D.product (Finset.range (width S + 1))
hi : Function.Injective f
⊢ S.card ≤ ((Finset.Icc 0 u \ S).card + 1) * (width S + 1)
error: Lean exited with code 1
Some required targets logged failures:
- Dyadic354.ContiguousSeed
error: build failed

EXIT CODE: 1
ELAPSED SECONDS: 13.474
