LOG FORMAT: public; machine-local paths are replaced by symbolic locations. Diagnostic text and exit status are retained.
COMMAND: ["lake", "build", "Dyadic354.CyclicBoundary"]
UTC: 2026-09-12T17:06:57.768993+00:00
✖ [1802/1802] Building Dyadic354.CyclicBoundary (10s)
trace: .> LEAN_PATH=$DEPENDENCY_CACHE/Cli/.lake/build/lib/lean:$DEPENDENCY_CACHE/batteries/.lake/build/lib/lean:$DEPENDENCY_CACHE/Qq/.lake/build/lib/lean:$DEPENDENCY_CACHE/aesop/.lake/build/lib/lean:$DEPENDENCY_CACHE/proofwidgets/.lake/build/lib/lean:$DEPENDENCY_CACHE/importGraph/.lake/build/lib/lean:$DEPENDENCY_CACHE/LeanSearchClient/.lake/build/lib/lean:$DEPENDENCY_CACHE/plausible/.lake/build/lib/lean:$DEPENDENCY_CACHE/mathlib/.lake/build/lib/lean:$REPOSITORY/formalization/.lake/build/lib/lean $ELAN_HOME/toolchains/leanprover--lean4---v4.27.0/bin/lean $REPOSITORY/formalization/Dyadic354/CyclicBoundary.lean -o $REPOSITORY/formalization/.lake/build/lib/lean/Dyadic354/CyclicBoundary.olean -i $REPOSITORY/formalization/.lake/build/lib/lean/Dyadic354/CyclicBoundary.ilean -c $REPOSITORY/formalization/.lake/build/ir/Dyadic354/CyclicBoundary.c --setup $REPOSITORY/formalization/.lake/build/ir/Dyadic354/CyclicBoundary.setup.json --json
info: Dyadic354/CyclicBoundary.lean:78:6: Try this:
  [apply] abel_nf
error: Dyadic354/CyclicBoundary.lean:92:12: unexpected token '||'; expected term
error: Dyadic354/CyclicBoundary.lean:92:6: Tactic `Lean.Parser.Tactic.changeWith` has not been implemented
error: Dyadic354/CyclicBoundary.lean:84:68: unsolved goals
case calc.step
G : Type u_1
inst✝¹ : AddCommGroup G
inst✝ : Fintype G
f : G → ℤ
s t : G
⊢ ∑ x, (|f (x + s + t) - f (x + s)| + |f (x + t) - f x|) ≤ 2 * variation f t
error: Lean exited with code 1
Some required targets logged failures:
- Dyadic354.CyclicBoundary
error: build failed

EXIT CODE: 1
ELAPSED SECONDS: 14.866
