LOG FORMAT: public; machine-local paths are replaced by symbolic locations. Diagnostic text and exit status are retained.
COMMAND: ["lake", "build", "Dyadic354.DB"]
UTC: 2026-09-12T17:39:16.542923+00:00
ℹ [3085/3105] Replayed Dyadic354.CyclicBoundary
info: Dyadic354/CyclicBoundary.lean:78:6: Try this:
  [apply] abel_nf
✔ [3103/3105] Built Dyadic354.DBWindows (16s)
✖ [3104/3105] Building Dyadic354.DBCover (14s)
trace: .> LEAN_PATH=$DEPENDENCY_CACHE/Cli/.lake/build/lib/lean:$DEPENDENCY_CACHE/batteries/.lake/build/lib/lean:$DEPENDENCY_CACHE/Qq/.lake/build/lib/lean:$DEPENDENCY_CACHE/aesop/.lake/build/lib/lean:$DEPENDENCY_CACHE/proofwidgets/.lake/build/lib/lean:$DEPENDENCY_CACHE/importGraph/.lake/build/lib/lean:$DEPENDENCY_CACHE/LeanSearchClient/.lake/build/lib/lean:$DEPENDENCY_CACHE/plausible/.lake/build/lib/lean:$DEPENDENCY_CACHE/mathlib/.lake/build/lib/lean:$REPOSITORY/formalization/.lake/build/lib/lean $ELAN_HOME/toolchains/leanprover--lean4---v4.27.0/bin/lean $REPOSITORY/formalization/Dyadic354/DBCover.lean -o $REPOSITORY/formalization/.lake/build/lib/lean/Dyadic354/DBCover.olean -i $REPOSITORY/formalization/.lake/build/lib/lean/Dyadic354/DBCover.ilean -c $REPOSITORY/formalization/.lake/build/ir/Dyadic354/DBCover.c --setup $REPOSITORY/formalization/.lake/build/ir/Dyadic354/DBCover.setup.json --json
error: Dyadic354/DBCover.lean:44:4: No goals to be solved
error: Dyadic354/DBCover.lean:57:87: unsolved goals
case this
α β : ℝ
hba : term β 0 < term α 0
hab : term α 0 < 2 * term β 0
n k : ℕ
p q : ℤ
hq : 2 ≤ q
hK : 8 * q ≤ 2 ^ k
hc : IsCoprime p q
happrox : |α / β - ↑p / ↑q| < 1 / ↑q ^ 2
a b : ℤ
hseed : Finset.Icc a b ⊆ values α β n
hwidth : 3 * (2 ^ n * β) / ↑q + DBDigits.error α β n k ≤ ↑(b - a)
θ : ℝ := α / β
K : ℤ := 2 ^ k
⊢ ?m.147

α β : ℝ
hba : term β 0 < term α 0
hab : term α 0 < 2 * term β 0
n k : ℕ
p q : ℤ
hq : 2 ≤ q
hK : 8 * q ≤ 2 ^ k
hc : IsCoprime p q
happrox : |α / β - ↑p / ↑q| < 1 / ↑q ^ 2
a b : ℤ
hseed : Finset.Icc a b ⊆ values α β n
hwidth : 3 * (2 ^ n * β) / ↑q + DBDigits.error α β n k ≤ ↑(b - a)
θ : ℝ := α / β
K : ℤ := 2 ^ k
this : ?m.147 := ?this
⊢ ∃ c d, c ≤ d ∧ Finset.Icc c d ⊆ values α β (n + k) ∧ term β (n + k) < d - c
error: Dyadic354/DBCover.lean:60:6: unexpected token 'λ'; expected command
error: Lean exited with code 1
Some required targets logged failures:
- Dyadic354.DBCover
error: build failed

EXIT CODE: 1
ELAPSED SECONDS: 33.770
