LOG FORMAT: public; machine-local paths are replaced by symbolic locations. Diagnostic text and exit status are retained.
COMMAND: ["lake", "build", "Dyadic354.DBWindows"]
UTC: 2026-09-12T17:37:03.269562+00:00
✖ [3069/3069] Building Dyadic354.DBWindows (32s)
trace: .> LEAN_PATH=$DEPENDENCY_CACHE/Cli/.lake/build/lib/lean:$DEPENDENCY_CACHE/batteries/.lake/build/lib/lean:$DEPENDENCY_CACHE/Qq/.lake/build/lib/lean:$DEPENDENCY_CACHE/aesop/.lake/build/lib/lean:$DEPENDENCY_CACHE/proofwidgets/.lake/build/lib/lean:$DEPENDENCY_CACHE/importGraph/.lake/build/lib/lean:$DEPENDENCY_CACHE/LeanSearchClient/.lake/build/lib/lean:$DEPENDENCY_CACHE/plausible/.lake/build/lib/lean:$DEPENDENCY_CACHE/mathlib/.lake/build/lib/lean:$REPOSITORY/formalization/.lake/build/lib/lean $ELAN_HOME/toolchains/leanprover--lean4---v4.27.0/bin/lean $REPOSITORY/formalization/Dyadic354/DBWindows.lean -o $REPOSITORY/formalization/.lake/build/lib/lean/Dyadic354/DBWindows.olean -i $REPOSITORY/formalization/.lake/build/lib/lean/Dyadic354/DBWindows.ilean -c $REPOSITORY/formalization/.lake/build/ir/Dyadic354/DBWindows.c --setup $REPOSITORY/formalization/.lake/build/ir/Dyadic354/DBWindows.setup.json --json
error: Dyadic354/DBWindows.lean:43:17: Type mismatch
  hthi
has type
  t < θ * ↑ℓ + ↑K - 1
but is expected to have type
  t < θ * ↑ℓ + (↑K - 1)
error: Dyadic354/DBWindows.lean:109:4: unsolved goals
case inr.refine_1
θ : ℝ
p q K : ℤ
hθ : 1 < θ
hθ2 : θ < 2
hq : 2 ≤ q
hK : 8 * q ≤ K
hc : IsCoprime p q
happrox : |θ - ↑p / ↑q| < 1 / ↑q ^ 2
htlo : ↑(start θ q) ≤ finish θ q K
hthi : finish θ q K ≤ finish θ q K
hleg : 0 ≤ K - q ∧ K - q < K ∧ 0 ≤ K - 1 ∧ K - 1 < K
⊢ θ * ↑K - θ * ↑q + ↑K ≤ θ * ↑K - θ * ↑q + ↑K
error: Lean exited with code 1
Some required targets logged failures:
- Dyadic354.DBWindows
error: build failed

EXIT CODE: 1
ELAPSED SECONDS: 36.901
