LOG FORMAT: public; machine-local paths are replaced by symbolic locations. Diagnostic text and exit status are retained.
COMMAND: ["lake", "build", "Dyadic354.EventBoundary"]
UTC: 2026-09-12T17:17:24.941726+00:00
ℹ [1802/1811] Replayed Dyadic354.CyclicBoundary
info: Dyadic354/CyclicBoundary.lean:78:6: Try this:
  [apply] abel_nf
✖ [1811/1811] Building Dyadic354.EventBoundary (19s)
trace: .> LEAN_PATH=$DEPENDENCY_CACHE/Cli/.lake/build/lib/lean:$DEPENDENCY_CACHE/batteries/.lake/build/lib/lean:$DEPENDENCY_CACHE/Qq/.lake/build/lib/lean:$DEPENDENCY_CACHE/aesop/.lake/build/lib/lean:$DEPENDENCY_CACHE/proofwidgets/.lake/build/lib/lean:$DEPENDENCY_CACHE/importGraph/.lake/build/lib/lean:$DEPENDENCY_CACHE/LeanSearchClient/.lake/build/lib/lean:$DEPENDENCY_CACHE/plausible/.lake/build/lib/lean:$DEPENDENCY_CACHE/mathlib/.lake/build/lib/lean:$REPOSITORY/formalization/.lake/build/lib/lean $ELAN_HOME/toolchains/leanprover--lean4---v4.27.0/bin/lean $REPOSITORY/formalization/Dyadic354/EventBoundary.lean -o $REPOSITORY/formalization/.lake/build/lib/lean/Dyadic354/EventBoundary.olean -i $REPOSITORY/formalization/.lake/build/lib/lean/Dyadic354/EventBoundary.ilean -c $REPOSITORY/formalization/.lake/build/ir/Dyadic354/EventBoundary.c --setup $REPOSITORY/formalization/.lake/build/ir/Dyadic354/EventBoundary.setup.json --json
error: Dyadic354/EventBoundary.lean:51:5: unused variable `hb`

Note: This linter can be disabled with `set_option linter.unusedVariables false`
error: Dyadic354/EventBoundary.lean:178:10: (deterministic) timeout at `whnf`, maximum number of heartbeats (200000) has been reached

Note: Use `set_option maxHeartbeats <num>` to set the limit.

Hint: Additional diagnostic information may be available using the `set_option diagnostics true` command.
error: Dyadic354/EventBoundary.lean:134:0: (deterministic) timeout at `whnf`, maximum number of heartbeats (200000) has been reached

Note: Use `set_option maxHeartbeats <num>` to set the limit.

Hint: Additional diagnostic information may be available using the `set_option diagnostics true` command.
error: Lean exited with code 1
Some required targets logged failures:
- Dyadic354.EventBoundary
error: build failed

EXIT CODE: 1
ELAPSED SECONDS: 24.914
