LOG FORMAT: public; machine-local paths are replaced by symbolic locations. Diagnostic text and exit status are retained.
COMMAND: ["lake", "build", "Dyadic354.EventBoundary"]
UTC: 2026-09-12T17:16:13.967497+00:00
ℹ [1802/1811] Replayed Dyadic354.CyclicBoundary
info: Dyadic354/CyclicBoundary.lean:78:6: Try this:
  [apply] abel_nf
✔ [1810/1811] Built Dyadic354.IntervalSums (2.9s)
✖ [1811/1811] Building Dyadic354.EventBoundary (2.8s)
trace: .> LEAN_PATH=$DEPENDENCY_CACHE/Cli/.lake/build/lib/lean:$DEPENDENCY_CACHE/batteries/.lake/build/lib/lean:$DEPENDENCY_CACHE/Qq/.lake/build/lib/lean:$DEPENDENCY_CACHE/aesop/.lake/build/lib/lean:$DEPENDENCY_CACHE/proofwidgets/.lake/build/lib/lean:$DEPENDENCY_CACHE/importGraph/.lake/build/lib/lean:$DEPENDENCY_CACHE/LeanSearchClient/.lake/build/lib/lean:$DEPENDENCY_CACHE/plausible/.lake/build/lib/lean:$DEPENDENCY_CACHE/mathlib/.lake/build/lib/lean:$REPOSITORY/formalization/.lake/build/lib/lean $ELAN_HOME/toolchains/leanprover--lean4---v4.27.0/bin/lean $REPOSITORY/formalization/Dyadic354/EventBoundary.lean -o $REPOSITORY/formalization/.lake/build/lib/lean/Dyadic354/EventBoundary.olean -i $REPOSITORY/formalization/.lake/build/lib/lean/Dyadic354/EventBoundary.ilean -c $REPOSITORY/formalization/.lake/build/ir/Dyadic354/EventBoundary.c --setup $REPOSITORY/formalization/.lake/build/ir/Dyadic354/EventBoundary.setup.json --json
error: Dyadic354/EventBoundary.lean:96:6: omega could not prove the goal:
a possible counterexample may satisfy the constraints
  c_1 - d_1 - e_1 ≥ 1
  b_1 - c_1 + d_1 ≥ 0
  z - a_1 ≥ 0
  t + u - w ≥ 0
  o + q - r ≥ 0
  2*l - m ≥ 0
  2*k - y ≥ 0
  2*j - p ≥ 0
  2*i - j ≥ 0
  2*i - k ≥ 0
  4*i - q ≥ 0
  e ≥ 0
  e + i - n ≥ -1
  2*e + 2*i + m - o ≥ -2
  2*e + 6*i + 2*l - s ≥ -2
  2*e + 6*i + 2*l - t ≥ -2
  d ≥ 0
  2*d + e ≥ -1
  c - d ≤ -1
  2*c - d ≥ 1
  3*c - 2*d ≤ -1
where
 c := a
 d := ↑L
 e := v
 i := G
 j := variation f ↑a
 k := variation f ↑b
 l := G'
 m := variation g ↑(2 * a + 1)
 n := ∑ x ∈ Finset.Ico 0 ↑L', |lift f x - lift g x|
 o := ∑ x ∈ Finset.Ico 0 (2 * b), |lift f (x + (2 * a + 1)) - lift f x|
 p := variation f (↑a + ↑a)
 q := variation f ↑(2 * a)
 r := ∑ x ∈ Finset.Ico 0 (2 * b), |lift f (x + 2 * a + 1) - lift f (x + 2 * a)|
 s := ∑ x ∈ Finset.Ico 0 (2 * b), τ ↑(x + 2 * a)
 t := ∑ x ∈ Finset.Ico (↑L - 2 * b) ↑L, τ ↑x
 u := ∑ x ∈ Finset.Ico (↑L - 2 * b) ↑L, τ ↑(x + b)
 w := ∑ x, τ x
 y := variation (fun x => |f (x + 1) - f x|) ↑b
 z := variation τ ↑b
 a_1 := ∑ x ∈ Finset.Ico (↑L - 2 * b) ↑L, |lift τ (x + b) - lift τ x|
 b_1 := |τ ↑(x + b) - τ ↑x|
 c_1 := τ ↑(x + b)
 d_1 := τ ↑x
 e_1 := |lift τ (x + b) - lift τ x|
error: Lean exited with code 1
Some required targets logged failures:
- Dyadic354.EventBoundary
error: build failed

EXIT CODE: 1
ELAPSED SECONDS: 8.221
