LOG FORMAT: public; machine-local paths are replaced by symbolic locations. Diagnostic text and exit status are retained.
COMMAND: ["lake", "build", "Dyadic354.FECounting"]
UTC: 2026-09-12T16:50:50.593920+00:00
✔ [1800/1801] Built Dyadic354.PrefixBounds (12s)
✖ [1801/1801] Building Dyadic354.FECounting (12s)
trace: .> LEAN_PATH=$DEPENDENCY_CACHE/Cli/.lake/build/lib/lean:$DEPENDENCY_CACHE/batteries/.lake/build/lib/lean:$DEPENDENCY_CACHE/Qq/.lake/build/lib/lean:$DEPENDENCY_CACHE/aesop/.lake/build/lib/lean:$DEPENDENCY_CACHE/proofwidgets/.lake/build/lib/lean:$DEPENDENCY_CACHE/importGraph/.lake/build/lib/lean:$DEPENDENCY_CACHE/LeanSearchClient/.lake/build/lib/lean:$DEPENDENCY_CACHE/plausible/.lake/build/lib/lean:$DEPENDENCY_CACHE/mathlib/.lake/build/lib/lean:$REPOSITORY/formalization/.lake/build/lib/lean $ELAN_HOME/toolchains/leanprover--lean4---v4.27.0/bin/lean $REPOSITORY/formalization/Dyadic354/FECounting.lean -o $REPOSITORY/formalization/.lake/build/lib/lean/Dyadic354/FECounting.olean -i $REPOSITORY/formalization/.lake/build/lib/lean/Dyadic354/FECounting.ilean -c $REPOSITORY/formalization/.lake/build/ir/Dyadic354/FECounting.c --setup $REPOSITORY/formalization/.lake/build/ir/Dyadic354/FECounting.setup.json --json
error: Dyadic354/FECounting.lean:37:76: Function expected at
  Finset.image_union ?m.109 ?m.110
but this term has type
  Finset.image ?m.108 (?m.109 ∪ ?m.110) = Finset.image ?m.108 ?m.109 ∪ Finset.image ?m.108 ?m.110

Note: Expected a function because this term is being applied to the argument
  _
error: Dyadic354/FECounting.lean:39:2: Tactic `rfl` failed: The left-hand side
  values α β n ∪
    (Mesh.translate (values α β n) (term α n) ∪
      (Mesh.translate (values α β n) (term β n) ∪ Mesh.translate (values α β n) (term α n + term β n)))
is not definitionally equal to the right-hand side
  values α β n ∪ Mesh.translate (values α β n) (term α n) ∪ Mesh.translate (values α β n) (term β n) ∪
    Mesh.translate (values α β n) (period α β n)

α β : ℝ
n : ℕ
hu : ∀ (W V : Finset ℤ) (c : ℤ), Mesh.translate (W ∪ V) c = Mesh.translate W c ∪ Mesh.translate V c
⊢ values α β n ∪
      (Mesh.translate (values α β n) (term α n) ∪
        (Mesh.translate (values α β n) (term β n) ∪ Mesh.translate (values α β n) (term α n + term β n))) =
    values α β n ∪ Mesh.translate (values α β n) (term α n) ∪ Mesh.translate (values α β n) (term β n) ∪
      Mesh.translate (values α β n) (period α β n)
error: Dyadic354/FECounting.lean:57:38: Expected type must not contain free variables
  Certificate.digit false + Certificate.digit false ≠ 0 ↔ 0 < n + 1 ∧ (false, false) ≠ (false, false)

Hint: Use the `+revert` option to automatically clean up and revert free variables
error: Dyadic354/FECounting.lean:57:38: Expected type must not contain free variables
  Certificate.digit false + Certificate.digit true ≠ 0 ↔ 0 < n + 1 ∧ (false, true) ≠ (false, false)

Hint: Use the `+revert` option to automatically clean up and revert free variables
error: Dyadic354/FECounting.lean:57:38: Expected type must not contain free variables
  Certificate.digit true + Certificate.digit false ≠ 0 ↔ 0 < n + 1 ∧ (true, false) ≠ (false, false)

Hint: Use the `+revert` option to automatically clean up and revert free variables
error: Dyadic354/FECounting.lean:57:38: Expected type must not contain free variables
  Certificate.digit true + Certificate.digit true ≠ 0 ↔ 0 < n + 1 ∧ (true, true) ≠ (false, false)

Hint: Use the `+revert` option to automatically clean up and revert free variables
error: Dyadic354/FECounting.lean:56:33: This simp argument is unused:
  Nat.add_pos_right

Hint: Omit it from the simp argument list.
  simp only [ExactBlock.IsEvent, N̵a̵t̵.̵a̵d̵d̵_̵p̵o̵s̵_̵r̵i̵g̵h̵t̵,̵ ̵Nat.add_sub_cancel, true_and, ExactBlock.digits]

Note: This linter can be disabled with `set_option linter.unusedSimpArgs false`
error: Dyadic354/FECounting.lean:56:72: This simp argument is unused:
  true_and

Hint: Omit it from the simp argument list.
  simp only [ExactBlock.IsEvent, Nat.add_pos_right, Nat.add_sub_cancel, t̵r̵u̵e̵_̵a̵n̵d̵,̵ ̵ExactBlock.digits]

Note: This linter can be disabled with `set_option linter.unusedSimpArgs false`
error: Dyadic354/FECounting.lean:123:5: unused variable `hb0`

Note: This linter can be disabled with `set_option linter.unusedVariables false`
error: Lean exited with code 1
Some required targets logged failures:
- Dyadic354.FECounting
error: build failed

EXIT CODE: 1
ELAPSED SECONDS: 29.133
