LOG FORMAT: public; machine-local paths are replaced by symbolic locations. Diagnostic text and exit status are retained.
COMMAND: ["lake", "build", "Dyadic354.FEMissingRuns"]
UTC: 2026-09-12T17:13:00.411393+00:00
ℹ [1802/1810] Replayed Dyadic354.CyclicBoundary
info: Dyadic354/CyclicBoundary.lean:78:6: Try this:
  [apply] abel_nf
✖ [1810/1810] Building Dyadic354.FEMissingRuns (55s)
trace: .> LEAN_PATH=$DEPENDENCY_CACHE/Cli/.lake/build/lib/lean:$DEPENDENCY_CACHE/batteries/.lake/build/lib/lean:$DEPENDENCY_CACHE/Qq/.lake/build/lib/lean:$DEPENDENCY_CACHE/aesop/.lake/build/lib/lean:$DEPENDENCY_CACHE/proofwidgets/.lake/build/lib/lean:$DEPENDENCY_CACHE/importGraph/.lake/build/lib/lean:$DEPENDENCY_CACHE/LeanSearchClient/.lake/build/lib/lean:$DEPENDENCY_CACHE/plausible/.lake/build/lib/lean:$DEPENDENCY_CACHE/mathlib/.lake/build/lib/lean:$REPOSITORY/formalization/.lake/build/lib/lean $ELAN_HOME/toolchains/leanprover--lean4---v4.27.0/bin/lean $REPOSITORY/formalization/Dyadic354/FEMissingRuns.lean -o $REPOSITORY/formalization/.lake/build/lib/lean/Dyadic354/FEMissingRuns.olean -i $REPOSITORY/formalization/.lake/build/lib/lean/Dyadic354/FEMissingRuns.ilean -c $REPOSITORY/formalization/.lake/build/ir/Dyadic354/FEMissingRuns.c --setup $REPOSITORY/formalization/.lake/build/ir/Dyadic354/FEMissingRuns.setup.json --json
error: Dyadic354/FEMissingRuns.lean:65:6: Tactic `rewrite` failed: Did not find an occurrence of the pattern
  (?s ×ˢ ?t).card
in the target expression
  H.card ≤ ((exits (residues S L) (-1)).product (Finset.range k)).card

S : Finset ℤ
L k : ℕ
inst✝ : NeZero L
u : ℤ
hS : S ⊆ Finset.Ico 0 ↑L
hm : Mesh.MeshOn S 0 u k
H : Finset ℤ := Finset.Icc 0 u \ S
hh : ∀ (x : { z // z ∈ H }), ∃ y ∈ S, ↑x < y ∧ y < ↑x + ↑k ∧ y - 1 ∉ S
next : { z // z ∈ H } → ℤ := fun x => Classical.choose ⋯
hn : ∀ (x : { z // z ∈ H }), next x ∈ S ∧ ↑x < next x ∧ next x < ↑x + ↑k ∧ next x - 1 ∉ S
D : Finset (ZMod L × ℕ) := (exits (residues S L) (-1)).product (Finset.range k)
hmem : ∀ (x : { z // z ∈ H }), (↑(next x), (next x - ↑x).toNat) ∈ D
f : { z // z ∈ H } → { p // p ∈ D } := fun x => ⟨(↑(next x), (next x - ↑x).toNat), ⋯⟩
hinj : Function.Injective f
hc : H.card ≤ ((exits (residues S L) (-1)).product (Finset.range k)).card
⊢ (Finset.Icc 0 u \ S).card ≤ (exits (residues S L) (-1)).card * k
error: Dyadic354/FEMissingRuns.lean:97:0: (deterministic) timeout at `whnf`, maximum number of heartbeats (1000000) has been reached

Note: Use `set_option maxHeartbeats <num>` to set the limit.

Hint: Additional diagnostic information may be available using the `set_option diagnostics true` command.
error: Lean exited with code 1
Some required targets logged failures:
- Dyadic354.FEMissingRuns
error: build failed

EXIT CODE: 1
ELAPSED SECONDS: 60.319
