LOG FORMAT: public; machine-local paths are replaced by symbolic locations. Diagnostic text and exit status are retained.
COMMAND: ["lake", "build", "Dyadic354.FEShift"]
UTC: 2026-09-12T17:09:02.891743+00:00
ℹ [1803/1808] Replayed Dyadic354.CyclicBoundary
info: Dyadic354/CyclicBoundary.lean:78:6: Try this:
  [apply] abel_nf
✔ [1807/1808] Built Dyadic354.PeriodicWord (3.5s)
✖ [1808/1808] Building Dyadic354.FEShift (2.2s)
trace: .> LEAN_PATH=$DEPENDENCY_CACHE/Cli/.lake/build/lib/lean:$DEPENDENCY_CACHE/batteries/.lake/build/lib/lean:$DEPENDENCY_CACHE/Qq/.lake/build/lib/lean:$DEPENDENCY_CACHE/aesop/.lake/build/lib/lean:$DEPENDENCY_CACHE/proofwidgets/.lake/build/lib/lean:$DEPENDENCY_CACHE/importGraph/.lake/build/lib/lean:$DEPENDENCY_CACHE/LeanSearchClient/.lake/build/lib/lean:$DEPENDENCY_CACHE/plausible/.lake/build/lib/lean:$DEPENDENCY_CACHE/mathlib/.lake/build/lib/lean:$REPOSITORY/formalization/.lake/build/lib/lean $ELAN_HOME/toolchains/leanprover--lean4---v4.27.0/bin/lean $REPOSITORY/formalization/Dyadic354/FEShift.lean -o $REPOSITORY/formalization/.lake/build/lib/lean/Dyadic354/FEShift.olean -i $REPOSITORY/formalization/.lake/build/lib/lean/Dyadic354/FEShift.ilean -c $REPOSITORY/formalization/.lake/build/ir/Dyadic354/FEShift.c --setup $REPOSITORY/formalization/.lake/build/ir/Dyadic354/FEShift.setup.json --json
error: Dyadic354/FEShift.lean:11:5: failed to synthesize instance of type class
  Fintype (ZMod L)

Hint: Type class instance resolution failures can be inspected with the `set_option trace.Meta.synthInstance true` command.
error: Dyadic354/FEShift.lean:30:8: declaration uses 'sorry'
error: Dyadic354/FEShift.lean:89:4: 'change' tactic failed, pattern
  ↑(period α β n) = 0
is not definitionally equal to target
  ↑(term β n + term α n) = 0
error: Lean exited with code 1
Some required targets logged failures:
- Dyadic354.FEShift
error: build failed

EXIT CODE: 1
ELAPSED SECONDS: 7.552
