LOG FORMAT: public; machine-local paths are replaced by symbolic locations. Diagnostic text and exit status are retained.
COMMAND: ["lake", "build", "Dyadic354.FEShift"]
UTC: 2026-09-12T17:08:51.891414+00:00
ℹ [1802/1804] Replayed Dyadic354.CyclicBoundary
info: Dyadic354/CyclicBoundary.lean:78:6: Try this:
  [apply] abel_nf
✖ [1803/1804] Building Dyadic354.PeriodicWord (10s)
trace: .> LEAN_PATH=$DEPENDENCY_CACHE/Cli/.lake/build/lib/lean:$DEPENDENCY_CACHE/batteries/.lake/build/lib/lean:$DEPENDENCY_CACHE/Qq/.lake/build/lib/lean:$DEPENDENCY_CACHE/aesop/.lake/build/lib/lean:$DEPENDENCY_CACHE/proofwidgets/.lake/build/lib/lean:$DEPENDENCY_CACHE/importGraph/.lake/build/lib/lean:$DEPENDENCY_CACHE/LeanSearchClient/.lake/build/lib/lean:$DEPENDENCY_CACHE/plausible/.lake/build/lib/lean:$DEPENDENCY_CACHE/mathlib/.lake/build/lib/lean:$REPOSITORY/formalization/.lake/build/lib/lean $ELAN_HOME/toolchains/leanprover--lean4---v4.27.0/bin/lean $REPOSITORY/formalization/Dyadic354/PeriodicWord.lean -o $REPOSITORY/formalization/.lake/build/lib/lean/Dyadic354/PeriodicWord.olean -i $REPOSITORY/formalization/.lake/build/lib/lean/Dyadic354/PeriodicWord.ilean -c $REPOSITORY/formalization/.lake/build/ir/Dyadic354/PeriodicWord.c --setup $REPOSITORY/formalization/.lake/build/ir/Dyadic354/PeriodicWord.setup.json --json
error: Dyadic354/PeriodicWord.lean:42:2: Tactic `apply` failed: could not unify the conclusion of `Finset.sum_bij fun x x_1 => x`
  ∑ x ∈ ?m.25, ?m.27 x = ∑ x ∈ ?m.26, ?m.28 x
with the goal
  ∑ x ∈ Finset.Ico 0 ↑L, f ↑x = ∑ x, f x

Note: The full type of `Finset.sum_bij fun x x_1 => x` is
  (∀ a ∈ ?m.25, a ∈ ?m.26) →
    (∀ a₁ ∈ ?m.25, ∀ a₂ ∈ ?m.25, a₁ = a₂ → a₁ = a₂) →
      (∀ b ∈ ?m.26, ∃ a, ∃ (_ : a ∈ ?m.25), a = b) →
        (∀ a ∈ ?m.25, ?m.27 a = ?m.28 a) → ∑ x ∈ ?m.25, ?m.27 x = ∑ x ∈ ?m.26, ?m.28 x

L : ℕ
inst✝ : NeZero L
f : ZMod L → ℤ
⊢ ∑ x ∈ Finset.Ico 0 ↑L, f ↑x = ∑ x, f x
error: Dyadic354/PeriodicWord.lean:57:6: Tactic `rewrite` failed: Did not find an occurrence of the pattern
  ∑ x, ?f x
in the target expression
  CyclicBoundary.variation (CyclicBoundary.missing (residues S L)) ↑t =
    ∑ x ∈ Finset.Ico 0 ↑L, |word S L (x + t) - word S L x|

S : Finset ℤ
L : ℕ
inst✝ : NeZero L
t : ℤ
⊢ CyclicBoundary.variation (CyclicBoundary.missing (residues S L)) ↑t =
    ∑ x ∈ Finset.Ico 0 ↑L, |word S L (x + t) - word S L x|
error: Dyadic354/PeriodicWord.lean:64:47: Unknown identifier `Function.Periodic`
error: Lean exited with code 1
Some required targets logged failures:
- Dyadic354.PeriodicWord
error: build failed

EXIT CODE: 1
ELAPSED SECONDS: 13.680
