LOG FORMAT: public; machine-local paths are replaced by symbolic locations. Diagnostic text and exit status are retained.
COMMAND: ["lake", "build", "Dyadic354.FER"]
UTC: 2026-09-12T17:27:53.137061+00:00
ℹ [1801/2028] Replayed Dyadic354.CyclicBoundary
info: Dyadic354/CyclicBoundary.lean:78:6: Try this:
  [apply] abel_nf
✖ [3100/3100] Building Dyadic354.FER (34s)
trace: .> LEAN_PATH=$DEPENDENCY_CACHE/Cli/.lake/build/lib/lean:$DEPENDENCY_CACHE/batteries/.lake/build/lib/lean:$DEPENDENCY_CACHE/Qq/.lake/build/lib/lean:$DEPENDENCY_CACHE/aesop/.lake/build/lib/lean:$DEPENDENCY_CACHE/proofwidgets/.lake/build/lib/lean:$DEPENDENCY_CACHE/importGraph/.lake/build/lib/lean:$DEPENDENCY_CACHE/LeanSearchClient/.lake/build/lib/lean:$DEPENDENCY_CACHE/plausible/.lake/build/lib/lean:$DEPENDENCY_CACHE/mathlib/.lake/build/lib/lean:$REPOSITORY/formalization/.lake/build/lib/lean $ELAN_HOME/toolchains/leanprover--lean4---v4.27.0/bin/lean $REPOSITORY/formalization/Dyadic354/FER.lean -o $REPOSITORY/formalization/.lake/build/lib/lean/Dyadic354/FER.olean -i $REPOSITORY/formalization/.lake/build/lib/lean/Dyadic354/FER.ilean -c $REPOSITORY/formalization/.lake/build/ir/Dyadic354/FER.c --setup $REPOSITORY/formalization/.lake/build/ir/Dyadic354/FER.setup.json --json
error: Dyadic354/FER.lean:100:4: linarith failed to find a contradiction
case h
α β : ℝ
hb0 : 0 < term β 0
hba0 : term β 0 < term α 0
hab0 : term α 0 < 2 * term β 0
n : ℕ
hn : 1 ≤ n
e : ℕ := (Finset.Icc 0 (total α β n) \ values α β n).card
E : ℝ := Real.exp (decayRate β * ↑(eventCount α β n))
hE : 0 < E
he : Mesh.Encloses (PermanentMesh.prefixSums (interleave α β 2) (2 * n)) 0 (total α β n)
ht : 0 ≤ total α β n
hS : values α β n ⊆ Finset.Icc 0 (total α β n)
hr :
  total α β n + 2 ≤
    (↑(Finset.Icc 0 (total α β n) \ values α β n).card + 1) * (↑(ContiguousSeed.width (values α β n)) + 2)
hr' : ↑(total α β n) + 2 ≤ (↑e + 1) * (↑(seedWidth α β n) + 2)
hsubset : Finset.Icc 0 (total α β n) \ values α β n ⊆ holes α β n
heq : ↑e ≤ ↑(deficit α β n)
hQ : ↑(deficit α β n) ≤ constant α β * 2 ^ n * Real.exp (-decayRate β * ↑(eventCount α β n))
hcancel : Real.exp (-decayRate β * ↑(eventCount α β n)) * E = 1
h : ↑(deficit α β n) * E ≤ constant α β * 2 ^ n * Real.exp (-decayRate β * ↑(eventCount α β n)) * E
a✝ : constant α β * 2 ^ n < ↑(deficit α β n) * E
⊢ False
failed
error: Lean exited with code 1
Some required targets logged failures:
- Dyadic354.FER
error: build failed

EXIT CODE: 1
ELAPSED SECONDS: 39.897
