COMMAND: ["lake", "build"]
CWD: /var/folders/jh/s0mgjxhd7qn3zb1wp19mgsp40000gn/T/erdos354-lean-clean-yi34bl5v/formalization
UTC: 2026-09-12T15:28:03.363852+00:00
✔ [1784/1792] Built Dyadic354.Basic (4.6s)
✔ [1785/1792] Built Dyadic354.Certificate (2.0s)
✔ [1786/1792] Built Dyadic354.CyclicGaps (3.4s)
✔ [1787/1792] Built Dyadic354.Statements (5.1s)
✔ [1788/1792] Built Dyadic354.Mesh (2.6s)
✔ [1789/1792] Built Dyadic354.CertificateData (6.7s)
ℹ [1790/1792] Built Dyadic354.Audit (7.5s)
info: Dyadic354/Audit.lean:5:0: def Dyadic354.PartI : Prop :=
∀ (α β : ℝ), 0 < α → 0 < β → Irrational (α / β) → Dyadic354.IndexedComplete (Dyadic354.interleave α β 2)
info: Dyadic354/Audit.lean:6:0: def Dyadic354.StrongCompleteness : Prop :=
∀ (α β : ℝ), 0 < α → 0 < β → Irrational (α / β) → Dyadic354.SetStronglyComplete (Dyadic354.dyadicValueSet α β)
info: Dyadic354/Audit.lean:7:0: def Dyadic354.IndexedComplete : (ℕ → ℤ) → Prop :=
fun w => ∀ᶠ (k : ℤ) in Filter.atTop, Dyadic354.IsSubsetSum w k
info: Dyadic354/Audit.lean:8:0: def Dyadic354.SetStronglyComplete : Set ℤ → Prop :=
fun A => ∀ (B : Set ℤ), B.Finite → Dyadic354.SetComplete (A \ B)
info: Dyadic354/Audit.lean:9:0: def Dyadic354.interleave : ℝ → ℝ → ℝ → ℕ → ℤ :=
fun a b γ n => if n % 2 = 0 then Dyadic354.floorMultiples a γ (n / 2) else Dyadic354.floorMultiples b γ (n / 2)
info: Dyadic354/Audit.lean:10:0: def Dyadic354.floorMultiples : ℝ → ℝ → ℕ → ℤ :=
fun a γ n => ⌊γ ^ n * a⌋
info: Dyadic354/Audit.lean:11:0: def Dyadic354.dyadicValueSet : ℝ → ℝ → Set ℤ :=
fun α β => Set.range (Dyadic354.interleave α β 2) \ {0}
info: Dyadic354/Audit.lean:12:0: def Dyadic354.SetComplete : Set ℤ → Prop :=
fun A => ∀ᶠ (k : ℤ) in Filter.atTop, ∃ s, ↑s ⊆ A ∧ k = ∑ x ∈ s, x
info: Dyadic354/Audit.lean:13:0: def Dyadic354.IsSubsetSum.{u_1} : {ι : Type u_1} → (ι → ℤ) → ℤ → Prop :=
fun {ι} w z => ∃ s, z = ∑ i ∈ s, w i
info: Dyadic354/Audit.lean:14:0: def Dyadic354.Certificate.MathematicallyCorrect : List Dyadic354.Certificate.Template → Prop :=
fun data =>
  ∀ (first second : Dyadic354.Certificate.Digits),
    first ≠ (false, false) →
      ∀ (p q : ℤ),
        0 < q →
          q < p → p < 2 * q → ∃ t ∈ data, t.first = first ∧ t.second = second ∧ Dyadic354.Certificate.ChainMeaning t p q
info: Dyadic354/Audit.lean:15:0: def Dyadic354.Certificate.ChainMeaning : Dyadic354.Certificate.Template → ℤ → ℤ → Prop :=
fun t p q =>
  0 < t.chain.length ∧
    (∀ (i : Fin t.chain.length),
        Dyadic354.Certificate.NodeMeaning t.first t.second (Dyadic354.Certificate.nodeAt t ↑i) p q) ∧
      (∀ (i : Fin (t.chain.length - 1)),
          (Dyadic354.Certificate.nodeAt t (↑i + 1)).lo.eval p q < (Dyadic354.Certificate.nodeAt t ↑i).hi.eval p q ∧
            (Dyadic354.Certificate.nodeAt t ↑i).lo.eval p q < (Dyadic354.Certificate.nodeAt t (↑i + 1)).hi.eval p q) ∧
        (Dyadic354.Certificate.nodeAt t 0).lo.eval p q ≤ p + 2 * q ∧
          7 * p + 6 * q ≤ (Dyadic354.Certificate.nodeAt t (t.chain.length - 1)).hi.eval p q ∧
            ∀ (z : ℤ),
              p + 2 * q ≤ z →
                z ≤ 7 * p + 6 * q →
                  ∃ i,
                    (Dyadic354.Certificate.nodeAt t ↑i).lo.eval p q ≤ z ∧
                      z ≤ (Dyadic354.Certificate.nodeAt t ↑i).hi.eval p q
info: Dyadic354/Audit.lean:16:0: def Dyadic354.Certificate.NodeMeaning : Dyadic354.Certificate.Digits →
  Dyadic354.Certificate.Digits → Dyadic354.Certificate.Node → ℤ → ℤ → Prop :=
fun first second n p q =>
  n.mask0 < 16 ∧
    n.mask1 < 16 ∧
      n.thirdMask < 4 ∧
        n.lo.eval p q =
            max ((Dyadic354.Certificate.coefficient n.mask0 n.thirdMask).eval p q)
              ((Dyadic354.Certificate.coefficient n.mask1 n.thirdMask).eval p q) ∧
          n.hi.eval p q =
              min ((Dyadic354.Certificate.coefficient n.mask0 n.thirdMask).eval p q)
                    ((Dyadic354.Certificate.coefficient n.mask1 n.thirdMask).eval p q) +
                  p +
                q ∧
            n.lo.eval p q < n.hi.eval p q ∧
              ∀ (third : Dyadic354.Certificate.Digits),
                ∃ c,
                  0 ≤ c ∧
                    c + 1 ≤ 22 ∧
                      Dyadic354.Certificate.constant first second third n.mask0 n.thirdMask = c ∧
                        Dyadic354.Certificate.constant first second third n.mask1 n.thirdMask = c + 1 ∧
                          ∀ (d K : ℤ),
                            Dyadic354.IsSubsetSum (Dyadic354.Certificate.weights first second third d K p q)
                                (d * K * (Dyadic354.Certificate.coefficient n.mask0 n.thirdMask).eval p q + c) ∧
                              Dyadic354.IsSubsetSum (Dyadic354.Certificate.weights first second third d K p q)
                                (d * K * (Dyadic354.Certificate.coefficient n.mask1 n.thirdMask).eval p q + c + 1)
info: Dyadic354/Audit.lean:17:0: Dyadic354.Certificate.certificate_correct : Dyadic354.Certificate.MathematicallyCorrect Dyadic354.Certificate.templates
info: Dyadic354/Audit.lean:18:0: Dyadic354.Certificate.all_templates_correct (t : Dyadic354.Certificate.Template)
  (ht : t ∈ Dyadic354.Certificate.templates) (p q : ℤ) (hqp : q < p) (hpq : p < 2 * q) :
  Dyadic354.Certificate.ChainMeaning t p q
info: Dyadic354/Audit.lean:19:0: Dyadic354.Certificate.weights_explicit (first second third : Dyadic354.Certificate.Digits) (d K p q : ℤ) :
  Dyadic354.Certificate.weights first second third d K p q =
    ![d * K * p + Dyadic354.Certificate.digit first.1, d * K * q + Dyadic354.Certificate.digit first.2,
      2 * d * K * p + 2 * Dyadic354.Certificate.digit first.1 + Dyadic354.Certificate.digit second.1,
      2 * d * K * q + 2 * Dyadic354.Certificate.digit first.2 + Dyadic354.Certificate.digit second.2,
      4 * d * K * p + 4 * Dyadic354.Certificate.digit first.1 + 2 * Dyadic354.Certificate.digit second.1 +
        Dyadic354.Certificate.digit third.1,
      4 * d * K * q + 4 * Dyadic354.Certificate.digit first.2 + 2 * Dyadic354.Certificate.digit second.2 +
        Dyadic354.Certificate.digit third.2]
info: Dyadic354/Audit.lean:21:0: def Dyadic354.CyclicGaps.MissingRun : Set ℤ → ℕ → Prop :=
fun S r => ∃ a, ∀ i < r, a + ↑i ∉ S
info: Dyadic354/Audit.lean:22:0: def Dyadic354.CyclicGaps.gap : {d : ℕ} → [NeZero d] → (X : Finset (ZMod d)) → X.Nonempty → ℕ :=
fun {d} [NeZero d] X hX => Nat.find ⋯
info: Dyadic354/Audit.lean:23:0: def Dyadic354.Mesh.Consecutive : Finset ℤ → ℤ → ℤ → Prop :=
fun W a b => a ∈ W ∧ b ∈ W ∧ a < b ∧ ∀ w ∈ W, a < w → b ≤ w
info: Dyadic354/Audit.lean:24:0: def Dyadic354.Mesh.gap : Finset ℤ → ℕ :=
fun W => (W.product W).sup fun ab => if Dyadic354.Mesh.Consecutive W ab.1 ab.2 then (ab.2 - ab.1).toNat else 0
info: Dyadic354/Audit.lean:25:0: def Dyadic354.Mesh.span : (W : Finset ℤ) → W.Nonempty → ℤ :=
fun W hW => W.max' hW - W.min' hW
info: Dyadic354/Audit.lean:26:0: def Dyadic354.Mesh.MeshOn : Finset ℤ → ℤ → ℤ → ℕ → Prop :=
fun W lo hi k => Dyadic354.Mesh.Encloses W lo hi ∧ ∀ (z : ℤ), lo ≤ z → z ≤ hi → ∃ w ∈ W, z ≤ w ∧ w < z + ↑k
info: Dyadic354/Audit.lean:27:0: Dyadic354.CyclicGaps.erosion_exact {d : ℕ} [NeZero d] (X : Finset (ZMod d)) (hX : X.Nonempty) :
  Dyadic354.CyclicGaps.gap (Dyadic354.CyclicGaps.erode X) ⋯ = Dyadic354.CyclicGaps.gap X hX - 1
info: Dyadic354/Audit.lean:28:0: Dyadic354.Mesh.translate_union_gap_span (W : Finset ℤ) (hW : W.Nonempty) (c : ℤ) (k : ℕ) (hc : 0 < c)
  (hs : c ≤ Dyadic354.Mesh.span W hW) (hg : Dyadic354.Mesh.gap W ≤ k) :
  Dyadic354.Mesh.gap (W ∪ Dyadic354.Mesh.translate W c) ≤ k ∧
    Dyadic354.Mesh.span (W ∪ Dyadic354.Mesh.translate W c) ⋯ = Dyadic354.Mesh.span W hW + c
info: Dyadic354/Audit.lean:29:0: Dyadic354.Mesh.projection_gap (W : Finset ℤ) (hW : W.Nonempty) (k m : ℕ) [NeZero m] (hs : ↑m ≤ Dyadic354.Mesh.span W hW)
  (hg : Dyadic354.Mesh.gap W ≤ k) : Dyadic354.CyclicGaps.gap (Dyadic354.Mesh.residues W m) ⋯ ≤ k - 1
info: Dyadic354/Audit.lean:30:0: Dyadic354.Mesh.propagate_iterate (W : Finset ℤ) (hW : W.Nonempty) (c : ℕ → ℤ) (k : ℕ) (hc : ∀ (n : ℕ), 0 < c n)
  (hd : ∀ (n : ℕ), c (n + 1) ≤ 2 * c n) (hs : c 0 ≤ Dyadic354.Mesh.span W hW) (hg : Dyadic354.Mesh.gap W ≤ k) (n : ℕ) :
  Dyadic354.Mesh.gap (Dyadic354.Mesh.extend W c n) ≤ k ∧
    c n ≤ Dyadic354.Mesh.span (Dyadic354.Mesh.extend W c n) ⋯ ∧
      Dyadic354.Mesh.span (Dyadic354.Mesh.extend W c n) ⋯ = Dyadic354.Mesh.span W hW + ∑ i ∈ Finset.range n, c i
info: Dyadic354/Audit.lean:32:0: 'Dyadic354.mem_finiteSubsetSums' depends on axioms: [propext, Classical.choice, Quot.sound]
info: Dyadic354/Audit.lean:33:0: 'Dyadic354.Linear.eval_add' depends on axioms: [propext, Classical.choice, Quot.sound]
info: Dyadic354/Audit.lean:34:0: 'Dyadic354.Linear.eval_sub' depends on axioms: [propext, Classical.choice, Quot.sound]
info: Dyadic354/Audit.lean:35:0: 'Dyadic354.Linear.cone_identity' depends on axioms: [propext, Classical.choice, Quot.sound]
info: Dyadic354/Audit.lean:36:0: 'Dyadic354.Linear.nonneg_on_cone' depends on axioms: [propext, Classical.choice, Quot.sound]
info: Dyadic354/Audit.lean:37:0: 'Dyadic354.Linear.positive_on_cone' depends on axioms: [propext, Classical.choice, Quot.sound]
info: Dyadic354/Audit.lean:38:0: 'Dyadic354.indexedComplete_iff' depends on axioms: [propext, Classical.choice, Quot.sound]
info: Dyadic354/Audit.lean:39:0: 'Dyadic354.Certificate.offset_eq_sum' depends on axioms: [propext, Classical.choice, Quot.sound]
info: Dyadic354/Audit.lean:40:0: 'Dyadic354.Certificate.offset_isSubsetSum' depends on axioms: [propext, Classical.choice, Quot.sound]
info: Dyadic354/Audit.lean:41:0: 'Dyadic354.Certificate.weights_explicit' depends on axioms: [propext, Classical.choice, Quot.sound]
info: Dyadic354/Audit.lean:42:0: 'Dyadic354.Certificate.endpoints_sound' depends on axioms: [propext, Classical.choice, Quot.sound]
info: Dyadic354/Audit.lean:43:0: 'Dyadic354.Certificate.node_sound' depends on axioms: [propext, Classical.choice, Quot.sound]
info: Dyadic354/Audit.lean:44:0: 'Dyadic354.Certificate.interval_chain_covers' depends on axioms: [propext, Quot.sound]
info: Dyadic354/Audit.lean:45:0: 'Dyadic354.Certificate.chain_sound' depends on axioms: [propext, Classical.choice, Quot.sound]
info: Dyadic354/Audit.lean:46:0: 'Dyadic354.Certificate.checkCertificate_sound' depends on axioms: [propext, Classical.choice, Quot.sound]
info: Dyadic354/Audit.lean:47:0: 'Dyadic354.Certificate.certificate_checked' depends on axioms: [propext, Classical.choice, Quot.sound]
info: Dyadic354/Audit.lean:48:0: 'Dyadic354.Certificate.certificate_correct' depends on axioms: [propext, Classical.choice, Quot.sound]
info: Dyadic354/Audit.lean:49:0: 'Dyadic354.Certificate.all_templates_checked' depends on axioms: [propext, Classical.choice, Quot.sound]
info: Dyadic354/Audit.lean:50:0: 'Dyadic354.Certificate.all_templates_correct' depends on axioms: [propext, Classical.choice, Quot.sound]
info: Dyadic354/Audit.lean:51:0: 'Dyadic354.Certificate.certificate_counts' depends on axioms: [propext]
info: Dyadic354/Audit.lean:53:0: 'Dyadic354.CyclicGaps.gapBound_mono' does not depend on any axioms
info: Dyadic354/Audit.lean:54:0: 'Dyadic354.CyclicGaps.not_missingRun_iff' depends on axioms: [propext, Classical.choice, Quot.sound]
info: Dyadic354/Audit.lean:55:0: 'Dyadic354.CyclicGaps.gapBound_erode_iff' depends on axioms: [propext, Classical.choice, Quot.sound]
info: Dyadic354/Audit.lean:56:0: 'Dyadic354.CyclicGaps.modulus_bound' depends on axioms: [propext, Classical.choice, Quot.sound]
info: Dyadic354/Audit.lean:57:0: 'Dyadic354.CyclicGaps.gap_spec' depends on axioms: [propext, Classical.choice, Quot.sound]
info: Dyadic354/Audit.lean:58:0: 'Dyadic354.CyclicGaps.gap_le_iff' depends on axioms: [propext, Classical.choice, Quot.sound]
info: Dyadic354/Audit.lean:59:0: 'Dyadic354.CyclicGaps.gap_lt_modulus' depends on axioms: [propext, Classical.choice, Quot.sound]
info: Dyadic354/Audit.lean:60:0: 'Dyadic354.CyclicGaps.missingRun_iff_le_gap' depends on axioms: [propext, Classical.choice, Quot.sound]
info: Dyadic354/Audit.lean:61:0: 'Dyadic354.CyclicGaps.erode_nonempty' depends on axioms: [propext, Classical.choice, Quot.sound]
info: Dyadic354/Audit.lean:62:0: 'Dyadic354.CyclicGaps.lift_erode' depends on axioms: [propext, Classical.choice, Quot.sound]
info: Dyadic354/Audit.lean:63:0: 'Dyadic354.CyclicGaps.erosion_exact' depends on axioms: [propext, Classical.choice, Quot.sound]
info: Dyadic354/Audit.lean:64:0: 'Dyadic354.CyclicGaps.gap_eq_zero_iff_full' depends on axioms: [propext, Classical.choice, Quot.sound]
info: Dyadic354/Audit.lean:65:0: 'Dyadic354.CyclicGaps.gap_modulus_one' depends on axioms: [propext, Classical.choice, Quot.sound]
info: Dyadic354/Audit.lean:66:0: 'Dyadic354.Mesh.gap_le_iff' depends on axioms: [propext, Classical.choice, Quot.sound]
info: Dyadic354/Audit.lean:67:0: 'Dyadic354.Mesh.gap_empty' depends on axioms: [propext, Classical.choice, Quot.sound]
info: Dyadic354/Audit.lean:68:0: 'Dyadic354.Mesh.gap_singleton' depends on axioms: [propext, Classical.choice, Quot.sound]
info: Dyadic354/Audit.lean:69:0: 'Dyadic354.Mesh.encloses_min_max' depends on axioms: [propext, Classical.choice, Quot.sound]
info: Dyadic354/Audit.lean:70:0: 'Dyadic354.Mesh.span_of_encloses' depends on axioms: [propext, Classical.choice, Quot.sound]
info: Dyadic354/Audit.lean:71:0: 'Dyadic354.Mesh.span_singleton' depends on axioms: [propext, Classical.choice, Quot.sound]
info: Dyadic354/Audit.lean:72:0: 'Dyadic354.Mesh.meshOn_gap_le' depends on axioms: [propext, Classical.choice, Quot.sound]
info: Dyadic354/Audit.lean:73:0: 'Dyadic354.Mesh.meshOn_of_gap_le' depends on axioms: [propext, Classical.choice, Quot.sound]
info: Dyadic354/Audit.lean:74:0: 'Dyadic354.Mesh.meshOn_iff_gap_le' depends on axioms: [propext, Classical.choice, Quot.sound]
info: Dyadic354/Audit.lean:75:0: 'Dyadic354.Mesh.gap_positive_of_encloses' depends on axioms: [propext, Classical.choice, Quot.sound]
info: Dyadic354/Audit.lean:76:0: 'Dyadic354.Mesh.meshOn_translate_union' depends on axioms: [propext, Classical.choice, Quot.sound]
info: Dyadic354/Audit.lean:77:0: 'Dyadic354.Mesh.translate_union_nonempty' depends on axioms: [propext, Classical.choice, Quot.sound]
info: Dyadic354/Audit.lean:78:0: 'Dyadic354.Mesh.translate_union_gap_span' depends on axioms: [propext, Classical.choice, Quot.sound]
info: Dyadic354/Audit.lean:79:0: 'Dyadic354.Mesh.residues_nonempty' depends on axioms: [propext, Classical.choice, Quot.sound]
info: Dyadic354/Audit.lean:80:0: 'Dyadic354.Mesh.projection_window_bound' depends on axioms: [propext, Classical.choice, Quot.sound]
info: Dyadic354/Audit.lean:81:0: 'Dyadic354.Mesh.projection_gap' depends on axioms: [propext, Classical.choice, Quot.sound]
info: Dyadic354/Audit.lean:82:0: 'Dyadic354.Mesh.extend_nonempty' depends on axioms: [propext, Classical.choice, Quot.sound]
info: Dyadic354/Audit.lean:83:0: 'Dyadic354.Mesh.propagate_iterate' depends on axioms: [propext, Classical.choice, Quot.sound]
✔ [1791/1792] Built Dyadic354 (2.1s)
Build completed successfully (1792 jobs).

EXIT CODE: 0
ELAPSED SECONDS: 25.401
