LOG FORMAT: public; machine-local paths are replaced by symbolic locations. Diagnostic text and exit status are retained.
COMMAND: ["lake", "build", "Dyadic354.UpstreamBridge"]
UTC: 2026-09-13T00:58:26.987868+00:00
ℹ [3087/3125] Replayed Dyadic354.CyclicBoundary
info: Dyadic354/CyclicBoundary.lean:78:6: Try this:
  [apply] abel_nf
✔ [3123/3125] Built Dyadic354.SetBridge (36s)
✖ [3124/3125] Building Dyadic354.Main (58s)
trace: .> LEAN_PATH=$DEPENDENCY_CACHE/Cli/.lake/build/lib/lean:$DEPENDENCY_CACHE/batteries/.lake/build/lib/lean:$DEPENDENCY_CACHE/Qq/.lake/build/lib/lean:$DEPENDENCY_CACHE/aesop/.lake/build/lib/lean:$DEPENDENCY_CACHE/proofwidgets/.lake/build/lib/lean:$DEPENDENCY_CACHE/importGraph/.lake/build/lib/lean:$DEPENDENCY_CACHE/LeanSearchClient/.lake/build/lib/lean:$DEPENDENCY_CACHE/plausible/.lake/build/lib/lean:$DEPENDENCY_CACHE/mathlib/.lake/build/lib/lean:$REPOSITORY/formalization/.lake/build/lib/lean $ELAN_HOME/toolchains/leanprover--lean4---v4.27.0/bin/lean $REPOSITORY/formalization/Dyadic354/Main.lean -o $REPOSITORY/formalization/.lake/build/lib/lean/Dyadic354/Main.olean -i $REPOSITORY/formalization/.lake/build/lib/lean/Dyadic354/Main.ilean -c $REPOSITORY/formalization/.lake/build/ir/Dyadic354/Main.c --setup $REPOSITORY/formalization/.lake/build/ir/Dyadic354/Main.setup.json --json
error: Dyadic354/Main.lean:26:4: omega could not prove the goal:
a possible counterexample may satisfy the constraints
  d ≤ 0
  a ≥ 1
  a - b ≥ 1
  a - c ≤ -1
  2*a - c ≥ 1
where
 a := term (2 ^ v * β) 0
 b := B
 c := term (2 ^ u * α) 0
 d := term β' 0
error: Dyadic354/Main.lean:30:4: omega could not prove the goal:
a possible counterexample may satisfy the constraints
  d - e ≥ 0
  b - d ≥ 0
  a ≥ 1
  a - b ≥ 1
  a - c ≤ -1
  2*a - c ≥ 1
where
 a := term (2 ^ v * β) 0
 b := B
 c := term (2 ^ u * α) 0
 d := interleave α' β' 2 i
 e := term β' 0
error: Lean exited with code 1
Some required targets logged failures:
- Dyadic354.Main
error: build failed

EXIT CODE: 1
ELAPSED SECONDS: 99.341
