LOG FORMAT: public; machine-local paths are replaced by symbolic locations. Diagnostic text and exit status are retained.
COMMAND: ["lake", "build", "Dyadic354.UpstreamBridge"]
UTC: 2026-09-13T00:57:46.712323+00:00
ℹ [3087/3125] Replayed Dyadic354.CyclicBoundary
info: Dyadic354/CyclicBoundary.lean:78:6: Try this:
  [apply] abel_nf
✖ [3122/3125] Building Dyadic354.SetBridge (24s)
trace: .> LEAN_PATH=$DEPENDENCY_CACHE/Cli/.lake/build/lib/lean:$DEPENDENCY_CACHE/batteries/.lake/build/lib/lean:$DEPENDENCY_CACHE/Qq/.lake/build/lib/lean:$DEPENDENCY_CACHE/aesop/.lake/build/lib/lean:$DEPENDENCY_CACHE/proofwidgets/.lake/build/lib/lean:$DEPENDENCY_CACHE/importGraph/.lake/build/lib/lean:$DEPENDENCY_CACHE/LeanSearchClient/.lake/build/lib/lean:$DEPENDENCY_CACHE/plausible/.lake/build/lib/lean:$DEPENDENCY_CACHE/mathlib/.lake/build/lib/lean:$REPOSITORY/formalization/.lake/build/lib/lean $ELAN_HOME/toolchains/leanprover--lean4---v4.27.0/bin/lean $REPOSITORY/formalization/Dyadic354/SetBridge.lean -o $REPOSITORY/formalization/.lake/build/lib/lean/Dyadic354/SetBridge.olean -i $REPOSITORY/formalization/.lake/build/lib/lean/Dyadic354/SetBridge.ilean -c $REPOSITORY/formalization/.lake/build/ir/Dyadic354/SetBridge.c --setup $REPOSITORY/formalization/.lake/build/ir/Dyadic354/SetBridge.setup.json --json
error: Dyadic354/SetBridge.lean:82:28: Application type mismatch: The argument
  interleave_even α β ?m.115
has type
  ∀ (n : ℕ), interleave α β ?m.115 (2 * n) = floorMultiples α ?m.115 n
but is expected to have type
  interleave α β 2 (2 * (i / 2 + u)) = term α (i / 2 + u)
in the application
  Exists.intro (2 * (i / 2 + u)) (interleave_even α β ?m.115)
error: Dyadic354/SetBridge.lean:86:32: Application type mismatch: The argument
  interleave_odd α β ?m.174
has type
  ∀ (n : ℕ), interleave α β ?m.174 (2 * n + 1) = floorMultiples β ?m.174 n
but is expected to have type
  interleave α β 2 (2 * (i / 2 + v) + 1) = term β (i / 2 + v)
in the application
  Exists.intro (2 * (i / 2 + v) + 1) (interleave_odd α β ?m.174)
error: Lean exited with code 1
✔ [3124/3125] Built Dyadic354.UpstreamDefinitions (24s)
Some required targets logged failures:
- Dyadic354.SetBridge
error: build failed

EXIT CODE: 1
ELAPSED SECONDS: 31.393
