LOG FORMAT: public; machine-local paths are replaced by symbolic locations. Diagnostic text and exit status are retained.
COMMAND: ["lake", "build", "Dyadic354.Main"]
UTC: 2026-09-13T00:55:51.601372+00:00
ℹ [3087/3123] Replayed Dyadic354.CyclicBoundary
info: Dyadic354/CyclicBoundary.lean:78:6: Try this:
  [apply] abel_nf
✔ [3121/3123] Built Dyadic354.Normalization (28s)
✖ [3122/3123] Building Dyadic354.SetBridge (41s)
trace: .> LEAN_PATH=$DEPENDENCY_CACHE/Cli/.lake/build/lib/lean:$DEPENDENCY_CACHE/batteries/.lake/build/lib/lean:$DEPENDENCY_CACHE/Qq/.lake/build/lib/lean:$DEPENDENCY_CACHE/aesop/.lake/build/lib/lean:$DEPENDENCY_CACHE/proofwidgets/.lake/build/lib/lean:$DEPENDENCY_CACHE/importGraph/.lake/build/lib/lean:$DEPENDENCY_CACHE/LeanSearchClient/.lake/build/lib/lean:$DEPENDENCY_CACHE/plausible/.lake/build/lib/lean:$DEPENDENCY_CACHE/mathlib/.lake/build/lib/lean:$REPOSITORY/formalization/.lake/build/lib/lean $ELAN_HOME/toolchains/leanprover--lean4---v4.27.0/bin/lean $REPOSITORY/formalization/Dyadic354/SetBridge.lean -o $REPOSITORY/formalization/.lake/build/lib/lean/Dyadic354/SetBridge.olean -i $REPOSITORY/formalization/.lake/build/lib/lean/Dyadic354/SetBridge.ilean -c $REPOSITORY/formalization/.lake/build/ir/Dyadic354/SetBridge.c --setup $REPOSITORY/formalization/.lake/build/ir/Dyadic354/SetBridge.setup.json --json
error: Dyadic354/SetBridge.lean:21:60: Application type mismatch: The argument
  (next_bounds β ?m.166).left
has type
  2 * term β ?m.166 ≤ term β (?m.166 + 1)
but is expected to have type
  2 * term β (j / 2) ≤ term β ((2 * (j / 2) + 1) / 2 + 1)
in the application
  LT.lt.trans_le (normalized_bounds α β hb hba hab (j / 2)).right.right (next_bounds β ?m.166).left
error: Dyadic354/SetBridge.lean:30:4: Type mismatch: After simplification, term
  hij
 has type
  interleave α β 2 i = interleave α β 2 j
but is expected to have type
  interleave α β 2 (swapAfter 0 (swapAfter 0 i)) = interleave α β 2 (swapAfter 0 (swapAfter 0 j))
error: Dyadic354/SetBridge.lean:38:2: Type mismatch: After simplification, term
  hs
 has type
  interleave α β 2 (swapAfter 0 0) ≤ interleave α β 2 (swapAfter 0 (swapAfter 0 i))
but is expected to have type
  term β 0 ≤ interleave α β 2 i
error: Dyadic354/SetBridge.lean:62:48: Function expected at
  Function.apply_invFun_apply
but this term has type
  ?m.48 (Function.invFun ?m.48 (?m.48 ?m.49)) = ?m.48 ?m.49

Note: Expected a function because this term is being applied to the argument
  (hs hx)
error: Dyadic354/SetBridge.lean:74:29: Tactic `rewrite` failed: Did not find an occurrence of the pattern
  term (2 ^ ?u * ?γ) ?n
in the target expression
  floorMultiples (2 ^ u * α) 2 (i / 2) ∈ Set.range (interleave α β 2)

case inl
α β : ℝ
u v i : ℕ
hi : i = 2 * (i / 2)
⊢ floorMultiples (2 ^ u * α) 2 (i / 2) ∈ Set.range (interleave α β 2)
error: Dyadic354/SetBridge.lean:76:28: Tactic `rewrite` failed: Did not find an occurrence of the pattern
  term (2 ^ ?u * ?γ) ?n
in the target expression
  floorMultiples (2 ^ v * β) 2 (i / 2) ∈ Set.range (interleave α β 2)

case inr
α β : ℝ
u v i : ℕ
hi : i = 2 * (i / 2) + 1
⊢ floorMultiples (2 ^ v * β) 2 (i / 2) ∈ Set.range (interleave α β 2)
error: Lean exited with code 1
Some required targets logged failures:
- Dyadic354.SetBridge
error: build failed

EXIT CODE: 1
ELAPSED SECONDS: 75.566
