LOG FORMAT: public; machine-local paths are replaced by symbolic locations. Diagnostic text and exit status are retained.
COMMAND: ["lake", "build", "Dyadic354.NodeRepresentations"]
UTC: 2026-09-12T15:56:13.438005+00:00
✖ [1191/1191] Building Dyadic354.NodeRepresentations (8.7s)
trace: .> LEAN_PATH=$DEPENDENCY_CACHE/Cli/.lake/build/lib/lean:$DEPENDENCY_CACHE/batteries/.lake/build/lib/lean:$DEPENDENCY_CACHE/Qq/.lake/build/lib/lean:$DEPENDENCY_CACHE/aesop/.lake/build/lib/lean:$DEPENDENCY_CACHE/proofwidgets/.lake/build/lib/lean:$DEPENDENCY_CACHE/importGraph/.lake/build/lib/lean:$DEPENDENCY_CACHE/LeanSearchClient/.lake/build/lib/lean:$DEPENDENCY_CACHE/plausible/.lake/build/lib/lean:$DEPENDENCY_CACHE/mathlib/.lake/build/lib/lean:$REPOSITORY/formalization/.lake/build/lib/lean $ELAN_HOME/toolchains/leanprover--lean4---v4.27.0/bin/lean $REPOSITORY/formalization/Dyadic354/NodeRepresentations.lean -o $REPOSITORY/formalization/.lake/build/lib/lean/Dyadic354/NodeRepresentations.olean -i $REPOSITORY/formalization/.lake/build/lib/lean/Dyadic354/NodeRepresentations.ilean -c $REPOSITORY/formalization/.lake/build/ir/Dyadic354/NodeRepresentations.c --setup $REPOSITORY/formalization/.lake/build/ir/Dyadic354/NodeRepresentations.setup.json --json
error: Dyadic354/NodeRepresentations.lean:138:33: unsolved goals
case hX
n ℓ d : ℕ
inst✝ : NeZero d
old : Fin (2 * n) → ℤ
first second third : Certificate.Digits
node : Certificate.Node
p q S a : ℤ
k : ℕ
hq : 0 < q
hqp : q < p
hK : p ≤ 2 ^ ℓ
hcop : IsCoprime p q
hbounds : ∀ (f : ℤ), IsSubsetSum old f → 0 ≤ f ∧ f ≤ S
hn : Certificate.NodeMeaning first second node p q
hk : 0 < k
hg : CyclicGaps.gap (oldResidues n d old) ⋯ ≤ k
halo : ↑d * 2 ^ ℓ * node.lo.eval p q + margin (↑d) p q S ≤ a
hahi : a + ↑k - 1 ≤ ↑d * 2 ^ ℓ * node.hi.eval p q - margin (↑d) p q S
X : Finset (ZMod d) := oldResidues n d old
c : ℤ := Certificate.constant first second third node.mask0 node.thirdMask
hb : CyclicGaps.GapBound (CyclicGaps.lift (CyclicGaps.erode X)) (CyclicGaps.gap (CyclicGaps.erode X) ⋯)
⊢ X.Nonempty
error: Lean exited with code 1
Some required targets logged failures:
- Dyadic354.NodeRepresentations
error: build failed

EXIT CODE: 1
ELAPSED SECONDS: 13.011
