LOG FORMAT: public; machine-local paths are replaced by symbolic locations. Diagnostic text and exit status are retained.
COMMAND: ["lake", "build", "Dyadic354.PairReindex"]
UTC: 2026-09-12T16:15:38.816809+00:00
✖ [1795/1796] Building Dyadic354.FloorSequence (11s)
trace: .> LEAN_PATH=$DEPENDENCY_CACHE/Cli/.lake/build/lib/lean:$DEPENDENCY_CACHE/batteries/.lake/build/lib/lean:$DEPENDENCY_CACHE/Qq/.lake/build/lib/lean:$DEPENDENCY_CACHE/aesop/.lake/build/lib/lean:$DEPENDENCY_CACHE/proofwidgets/.lake/build/lib/lean:$DEPENDENCY_CACHE/importGraph/.lake/build/lib/lean:$DEPENDENCY_CACHE/LeanSearchClient/.lake/build/lib/lean:$DEPENDENCY_CACHE/plausible/.lake/build/lib/lean:$DEPENDENCY_CACHE/mathlib/.lake/build/lib/lean:$REPOSITORY/formalization/.lake/build/lib/lean $ELAN_HOME/toolchains/leanprover--lean4---v4.27.0/bin/lean $REPOSITORY/formalization/Dyadic354/FloorSequence.lean -o $REPOSITORY/formalization/.lake/build/lib/lean/Dyadic354/FloorSequence.olean -i $REPOSITORY/formalization/.lake/build/lib/lean/Dyadic354/FloorSequence.ilean -c $REPOSITORY/formalization/.lake/build/ir/Dyadic354/FloorSequence.c --setup $REPOSITORY/formalization/.lake/build/ir/Dyadic354/FloorSequence.setup.json --json
error: Dyadic354/FloorSequence.lean:21:48: linarith failed to find a contradiction
case h
α : ℝ
n : ℕ
h0 : ↑⌊2 ^ n * α⌋ ≤ 2 ^ n * α
h1 : 2 ^ n * α < ↑⌊2 ^ n * α⌋ + 1
h2 : ↑⌊2 ^ n * 2 * α⌋ ≤ 2 ^ n * 2 * α
h3 : 2 ^ n * 2 * α < ↑⌊2 ^ n * 2 * α⌋ + 1
a✝ : ↑⌊2 ^ (n + 1) * α⌋ + 1 ≤ 2 * ↑⌊2 ^ n * α⌋
⊢ False
failed
error: Dyadic354/FloorSequence.lean:27:52: linarith failed to find a contradiction
case h
α : ℝ
n : ℕ
h0 : ↑⌊2 ^ n * α⌋ ≤ 2 ^ n * α
h1 : 2 ^ n * α < ↑⌊2 ^ n * α⌋ + 1
h2 : ↑⌊2 ^ n * 2 * α⌋ ≤ 2 ^ n * 2 * α
h3 : 2 ^ n * 2 * α < ↑⌊2 ^ n * 2 * α⌋ + 1
hlo : 2 * ⌊2 ^ n * α⌋ ≤ ⌊2 ^ (n + 1) * α⌋
a✝ : 2 * ↑⌊2 ^ n * α⌋ + 2 ≤ ↑⌊2 ^ (n + 1) * α⌋
⊢ False
failed
error: Lean exited with code 1
Some required targets logged failures:
- Dyadic354.FloorSequence
error: build failed

EXIT CODE: 1
ELAPSED SECONDS: 16.682
