LOG FORMAT: public; machine-local paths are replaced by symbolic locations. Diagnostic text and exit status are retained.
COMMAND: ["lake", "build", "Dyadic354.PeriodChange"]
UTC: 2026-09-12T17:10:19.582439+00:00
ℹ [1802/1809] Replayed Dyadic354.CyclicBoundary
info: Dyadic354/CyclicBoundary.lean:78:6: Try this:
  [apply] abel_nf
✖ [1809/1809] Building Dyadic354.PeriodChange (13s)
trace: .> LEAN_PATH=$DEPENDENCY_CACHE/Cli/.lake/build/lib/lean:$DEPENDENCY_CACHE/batteries/.lake/build/lib/lean:$DEPENDENCY_CACHE/Qq/.lake/build/lib/lean:$DEPENDENCY_CACHE/aesop/.lake/build/lib/lean:$DEPENDENCY_CACHE/proofwidgets/.lake/build/lib/lean:$DEPENDENCY_CACHE/importGraph/.lake/build/lib/lean:$DEPENDENCY_CACHE/LeanSearchClient/.lake/build/lib/lean:$DEPENDENCY_CACHE/plausible/.lake/build/lib/lean:$DEPENDENCY_CACHE/mathlib/.lake/build/lib/lean:$REPOSITORY/formalization/.lake/build/lib/lean $ELAN_HOME/toolchains/leanprover--lean4---v4.27.0/bin/lean $REPOSITORY/formalization/Dyadic354/PeriodChange.lean -o $REPOSITORY/formalization/.lake/build/lib/lean/Dyadic354/PeriodChange.olean -i $REPOSITORY/formalization/.lake/build/lib/lean/Dyadic354/PeriodChange.ilean -c $REPOSITORY/formalization/.lake/build/ir/Dyadic354/PeriodChange.c --setup $REPOSITORY/formalization/.lake/build/ir/Dyadic354/PeriodChange.setup.json --json
error: Dyadic354/PeriodChange.lean:42:96: unsolved goals
D A : Finset ℤ
hc : {x ∈ D | x ∈ A}.card ≤ A.card
⊢ (D ∩ A).card = {x ∈ D | x ∈ A}.card
error: Dyadic354/PeriodChange.lean:79:16: Tactic `rewrite` failed: Did not find an occurrence of the pattern
  ↑(Finset.Ico ?m.415 ?b).card
in the target expression
  ↑(Finset.Ico (2 * ↑L) ↑L').card = ↑L' - 2 * ↑L

S T : Finset ℤ
L L' : ℕ
hS : S ⊆ Finset.Ico 0 ↑L
hT : T ⊆ Finset.Ico 0 ↑L'
hbasic : S ∪ Mesh.translate S ↑L ⊆ T
hL : 2 * L ≤ L'
A : Finset ℤ := T \ (S ∪ Mesh.translate S ↑L)
hp : ∀ x ∈ Finset.Ico 0 ↑L', |word T L' x - word S L x| ≤ (if x ∈ A then 1 else 0) + if 2 * ↑L ≤ x then 1 else 0
hf : {x ∈ Finset.Ico 0 ↑L' | 2 * ↑L ≤ x} = Finset.Ico (2 * ↑L) ↑L'
he : (∑ x ∈ Finset.Ico 0 ↑L', if 2 * ↑L ≤ x then 1 else 0) = ↑{x ∈ Finset.Ico 0 ↑L' | 2 * ↑L ≤ x}.card
⊢ ↑(Finset.Ico (2 * ↑L) ↑L').card = ↑L' - 2 * ↑L
error: Dyadic354/PeriodChange.lean:79:39: omega could not prove the goal:
a possible counterexample may satisfy the constraints
  c ≥ 0
  b ≥ 0
  a ≥ 0
  a - 2*b ≥ 0
where
 a := ↑L'
 b := ↑L
 c := ↑{x ∈ Finset.Ico 0 ↑L' | 2 * ↑L ≤ x}.card
error: Dyadic354/PeriodChange.lean:85:13: Type mismatch
  add_le_add_right (sum_indicator_le_card ?m.523 A) ?m.524
has type
  (?m.524 + ∑ x ∈ ?m.523, if x ∈ A then 1 else 0) ≤ ?m.524 + ↑A.card
but is expected to have type
  (∑ x ∈ Finset.Ico 0 ↑L', if x ∈ A then 1 else 0) + (↑L' - 2 * ↑L) ≤
    ↑(T \ (S ∪ Mesh.translate S ↑L)).card + (↑L' - 2 * ↑L)
error: Lean exited with code 1
Some required targets logged failures:
- Dyadic354.PeriodChange
error: build failed

EXIT CODE: 1
ELAPSED SECONDS: 18.047
