LOG FORMAT: public; machine-local paths are replaced by symbolic locations. Diagnostic text and exit status are retained.
COMMAND: ["lake", "build", "Dyadic354.PermanentMesh"]
UTC: 2026-09-12T16:06:08.449111+00:00
✖ [1195/1195] Building Dyadic354.PermanentMesh (9.1s)
trace: .> LEAN_PATH=$DEPENDENCY_CACHE/Cli/.lake/build/lib/lean:$DEPENDENCY_CACHE/batteries/.lake/build/lib/lean:$DEPENDENCY_CACHE/Qq/.lake/build/lib/lean:$DEPENDENCY_CACHE/aesop/.lake/build/lib/lean:$DEPENDENCY_CACHE/proofwidgets/.lake/build/lib/lean:$DEPENDENCY_CACHE/importGraph/.lake/build/lib/lean:$DEPENDENCY_CACHE/LeanSearchClient/.lake/build/lib/lean:$DEPENDENCY_CACHE/plausible/.lake/build/lib/lean:$DEPENDENCY_CACHE/mathlib/.lake/build/lib/lean:$REPOSITORY/formalization/.lake/build/lib/lean $ELAN_HOME/toolchains/leanprover--lean4---v4.27.0/bin/lean $REPOSITORY/formalization/Dyadic354/PermanentMesh.lean -o $REPOSITORY/formalization/.lake/build/lib/lean/Dyadic354/PermanentMesh.olean -i $REPOSITORY/formalization/.lake/build/lib/lean/Dyadic354/PermanentMesh.ilean -c $REPOSITORY/formalization/.lake/build/ir/Dyadic354/PermanentMesh.c --setup $REPOSITORY/formalization/.lake/build/ir/Dyadic354/PermanentMesh.setup.json --json
error: Dyadic354/PermanentMesh.lean:54:17: unused variable `hm`

Note: This linter can be disabled with `set_option linter.unusedVariables false`
error: Dyadic354/PermanentMesh.lean:97:51: Application type mismatch: The argument
  t
has type
  Fin (2 * n) → ℤ
but is expected to have type
  ℕ
in the application
  permanent_projection v (2 * (n + ℓ + 3)) W hW
    (max 1
      (CyclicGaps.gap (NodeRepresentations.oldResidues n d fun i => v ↑i)
        (NodeRepresentations.oldResidues_nonempty n d fun i => v ↑i)))
    hsub hgap (le_trans hnext (le_of_lt hspan)) hfuture hdbl t
error: Dyadic354/PermanentMesh.lean:102:2: Tactic `assumption` failed

n ℓ d : ℕ
inst✝ : NeZero d
v : ℕ → ℤ
first second third : Certificate.Digits
p q : ℤ
hfirst : first ≠ (false, false)
hq : 0 < q
hqp : q < p
hpq : p < 2 * q
hcop : IsCoprime p q
hpos : ∀ (i : Fin (2 * n)), 0 ≤ v ↑i
hS : ∑ i, v ↑i < ↑d * (p + q)
hK : InitialMesh.threshold p q ≤ 2 ^ ℓ
ha : ∀ (i : Fin ℓ), v (2 * n + 2 * ↑i) = ↑d * p * 2 ^ ↑i
hb : ∀ (i : Fin ℓ), v (2 * n + 2 * ↑i + 1) = ↑d * q * 2 ^ ↑i
hsix : ∀ (i : Fin 6), v (2 * n + 2 * ℓ + ↑i) = Certificate.weights first second third (↑d) (2 ^ ℓ) p q i
hnext : v (2 * (n + ℓ + 3)) ≤ 8 * ↑d * 2 ^ ℓ * q + 15
hfuture : ∀ (t : ℕ), 0 < v (2 * (n + ℓ + 3) + t)
hdbl : ∀ (t : ℕ), v (2 * (n + ℓ + 3) + (t + 1)) ≤ 2 * v (2 * (n + ℓ + 3) + t)
W : Finset ℤ
hW : W.Nonempty
hsub : W ⊆ finiteSubsetSums v (Finset.range (2 * (n + ℓ + 3)))
hgap : Mesh.gap W ≤ max 1 (CyclicGaps.gap (NodeRepresentations.oldResidues n d fun i => v ↑i) ⋯)
hspan : 8 * ↑d * 2 ^ ℓ * q + 15 < Mesh.span W hW
t : Fin (2 * n) → ℤ := fun i => v ↑i
m hm : ℕ
hmv : NeZero hm
h :
  CyclicGaps.gap (Mesh.residues (prefixSums v (2 * (n + ℓ + 3) + sorry)) m) ⋯ ≤
    CyclicGaps.gap (NodeRepresentations.oldResidues n d fun i => v ↑i) ⋯ - 1
heq :
  max 1 (CyclicGaps.gap (NodeRepresentations.oldResidues n d fun i => v ↑i) ⋯) - 1 =
    CyclicGaps.gap (NodeRepresentations.oldResidues n d fun i => v ↑i) ⋯ - 1
⊢ ↑hm ≤ v (2 * (n + ℓ + 3) + m) →
    CyclicGaps.gap (Mesh.residues (prefixSums v (2 * (n + ℓ + 3) + m)) hm) ⋯ ≤
      CyclicGaps.gap (NodeRepresentations.oldResidues n d t) ⋯ - 1
error: Lean exited with code 1
Some required targets logged failures:
- Dyadic354.PermanentMesh
error: build failed

EXIT CODE: 1
ELAPSED SECONDS: 13.722
