LOG FORMAT: public; machine-local paths are replaced by symbolic locations. Diagnostic text and exit status are retained.
COMMAND: ["python3", "scripts/inspect_environment.py"]
UTC: 2026-09-12T18:13:36.230131+00:00
$ pwd
$REPOSITORY/formalization
exit: 0
$ git status --short --branch
## lean-formalization...origin/lean-formalization
 M Dyadic354/Audit.lean
 M logs/build.log
 M logs/data-consistency.log
 M logs/verification.json
 M scripts/verify.py
?? Dyadic354/BG.lean
?? Dyadic354/BGBinaryRatio.lean
?? Dyadic354/BGCapacity.lean
?? Dyadic354/BGExactLayers.lean
?? Dyadic354/BGGeometric.lean
?? Dyadic354/BGReturns.lean
?? Dyadic354/BGSparseCompact.lean
?? Dyadic354/BGWindowBounds.lean
?? Dyadic354/BGWindows.lean
?? Dyadic354/ContiguousSeed.lean
?? Dyadic354/CubicGrowth.lean
?? Dyadic354/CyclicBoundary.lean
?? Dyadic354/DB.lean
?? Dyadic354/DBCover.lean
?? Dyadic354/DBDigits.lean
?? Dyadic354/DBPhases.lean
?? Dyadic354/DBScale.lean
?? Dyadic354/DBWindows.lean
?? Dyadic354/EventBoundary.lean
?? Dyadic354/EventDecay.lean
?? Dyadic354/FE.lean
?? Dyadic354/FEMissingRuns.lean
?? Dyadic354/FER.lean
?? Dyadic354/FERecurrence.lean
?? Dyadic354/FEShift.lean
?? Dyadic354/IntervalSums.lean
?? Dyadic354/PeriodChange.lean
?? Dyadic354/PeriodicWord.lean
?? Dyadic354/RationalWindows.lean
?? logs/bg-binary-ratio-01.log
?? logs/bg-capacity-01.log
?? logs/bg-capacity-02.log
?? logs/bg-capacity-03.log
?? logs/bg-capacity-04.log
?? logs/bg-compact-01.log
?? logs/bg-compact-02.log
?? logs/bg-exact-01.log
?? logs/bg-exact-02.log
?? logs/bg-final-01.log
?? logs/bg-final-02.log
?? logs/bg-geometric-01.log
?? logs/bg-geometric-02.log
?? logs/bg-geometric-03.log
?? logs/bg-geometric-04.log
?? logs/bg-returns-01.log
?? logs/bg-returns-02.log
?? logs/bg-returns-03.log
?? logs/bg-window-bounds-01.log
?? logs/bg-window-bounds-02.log
?? logs/bg-window-bounds-03.log
?? logs/bg-windows-01.log
?? logs/bg-windows-02.log
?? logs/contiguous-seed-01.log
?? logs/contiguous-seed-02.log
?? logs/cubic-growth-01.log
?? logs/cubic-growth-02.log
?? logs/cyclic-boundary-01.log
?? logs/cyclic-boundary-02.log
?? logs/db-cover-01.log
?? logs/db-cover-02.log
?? logs/db-digits-01.log
?? logs/db-digits-02.log
?? logs/db-main-01.log
?? logs/db-main-02.log
?? logs/db-main-03.log
?? logs/db-main-04.log
?? logs/db-main-05.log
?? logs/db-phases-01.log
?? logs/db-phases-02.log
?? logs/db-scale-01.log
?? logs/db-scale-02.log
?? logs/db-scale-03.log
?? logs/db-windows-01.log
?? logs/db-windows-02.log
?? logs/event-boundary-01.log
?? logs/event-boundary-02.log
?? logs/event-boundary-03.log
?? logs/event-boundary-04.log
?? logs/event-boundary-05.log
?? logs/event-decay-01.log
?? logs/event-decay-02.log
?? logs/fe-db-bg-core-audit.log
?? logs/fe-main-01.log
?? logs/fe-missing-runs-01.log
?? logs/fe-missing-runs-02.log
?? logs/fe-missing-runs-03.log
?? logs/fe-recurrence-01.log
?? logs/fe-recurrence-02.log
?? logs/fe-recurrence-03.log
?? logs/fe-recurrence-04.log
?? logs/fe-recurrence-05.log
?? logs/fe-seed-01.log
?? logs/fe-seed-02.log
?? logs/fe-seed-03.log
?? logs/fe-shift-01.log
?? logs/fe-shift-02.log
?? logs/fe-shift-03.log
?? logs/interval-sums-01.log
?? logs/interval-sums-02.log
?? logs/period-change-01.log
?? logs/period-change-02.log
?? logs/periodic-word-01.log
?? logs/periodic-word-02.log
?? logs/periodic-word-03.log
?? logs/rational-windows-01.log
?? logs/seventh-batch-environment.log
?? logs/seventh-batch-input-integrity.log
exit: 0
$ git rev-parse HEAD
f6c5d2ba8cbca95427ae6aea854d11116f06cd55
exit: 0
$ lean --version
Lean (version 4.27.0, arm64-apple-darwin24.6.0, commit db93fe1608548721853390a10cd40580fe7d22ae, Release)
exit: 0
$ lake --version
Lake version 5.0.0-src+db93fe1 (Lean version 4.27.0)
exit: 0
$ elan show
warning: failed to query latest release, using existing version 'leanprover/lean4:v4.32.0'
installed toolchains
--------------------

leanprover/lean4:v4.27.0
leanprover/lean4:v4.32.0 (resolved from default 'leanprover/lean4:stable')

active toolchain
----------------

leanprover/lean4:v4.27.0 (overridden by '$REPOSITORY/formalization/lean-toolchain')
Lean (version 4.27.0, arm64-apple-darwin24.6.0, commit db93fe1608548721853390a10cd40580fe7d22ae, Release)

exit: 0
PLATFORM: macOS-26.5.1-arm64-arm-64bit-Mach-O arm64
INPUT SHA256: proof/PROOF.md 8662891ac64f4ed2805a889d087afc7848667b1519192bf368ebdefba30bbdd2
INPUT SHA256: proof/PROOF.zh-CN.md a424bb9c470e0303bf9529add146911c1b2717375ecb458b4a0cafae450aa618
INPUT SHA256: certificate/templates.json 3293a4fb061ba625ba1f11788dca751920a182d26d60d6298b31a058c065c048
INPUT SHA256: certificate/check_templates.py 862b5ddbb55d134336029977961c4cf0391ff67024f2946b039ca584cab1b98d
DEPENDENCY: mathlib locked= a3a10db0e9d66acbebf76c5e6a135066525ac900 actual= a3a10db0e9d66acbebf76c5e6a135066525ac900 tracked_changes= False
DEPENDENCY: plausible locked= 009dc1e6f2feb2c96c081537d80a0905b2c6498f actual= 009dc1e6f2feb2c96c081537d80a0905b2c6498f tracked_changes= False
DEPENDENCY: LeanSearchClient locked= 5ce7f0a355f522a952a3d678d696bd563bb4fd28 actual= 5ce7f0a355f522a952a3d678d696bd563bb4fd28 tracked_changes= False
DEPENDENCY: importGraph locked= 8f497d55985a189cea8020d9dc51260af1e41ad2 actual= 8f497d55985a189cea8020d9dc51260af1e41ad2 tracked_changes= False
DEPENDENCY: proofwidgets locked= c04225ee7c0585effbd933662b3151f01b600e40 actual= c04225ee7c0585effbd933662b3151f01b600e40 tracked_changes= False
DEPENDENCY: aesop locked= cb837cc26236ada03c81837bebe0acd9c70ced7d actual= cb837cc26236ada03c81837bebe0acd9c70ced7d tracked_changes= False
DEPENDENCY: Qq locked= bd58c9efe2086d56ca361807014141a860ddbf8c actual= bd58c9efe2086d56ca361807014141a860ddbf8c tracked_changes= False
DEPENDENCY: batteries locked= b25b36a7caf8e237e7d1e6121543078a06777c8a actual= b25b36a7caf8e237e7d1e6121543078a06777c8a tracked_changes= False
DEPENDENCY: Cli locked= 55c37290ff6186e2e965d68cf853a57c0702db82 actual= 55c37290ff6186e2e965d68cf853a57c0702db82 tracked_changes= False
CACHE: $DEPENDENCY_CACHE

EXIT CODE: 0
ELAPSED SECONDS: 0.582
